Archive member included to satisfy reference by file (symbol)

c:/gcc_arm/12dbab~1.2re/bin/../lib/gcc/arm-none-eabi/12.2.1/thumb/v6-m/nofp\libgcc.a(_dvmd_tls.o)
                              CMakeFiles/fw.dir/C_/RP2040/pico-sdk/src/rp2_common/pico_divider/divider.S.obj (__aeabi_idiv0)
c:/gcc_arm/12dbab~1.2re/bin/../lib/gcc/arm-none-eabi/12.2.1/thumb/v6-m/nofp\libgcc.a(unwind-arm.o)
                              CMakeFiles/fw.dir/fw.cpp.obj (__aeabi_unwind_cpp_pr1)
c:/gcc_arm/12dbab~1.2re/bin/../lib/gcc/arm-none-eabi/12.2.1/thumb/v6-m/nofp\libgcc.a(libunwind.o)
                              c:/gcc_arm/12dbab~1.2re/bin/../lib/gcc/arm-none-eabi/12.2.1/thumb/v6-m/nofp\libgcc.a(unwind-arm.o) (restore_core_regs)
c:/gcc_arm/12dbab~1.2re/bin/../lib/gcc/arm-none-eabi/12.2.1/thumb/v6-m/nofp\libgcc.a(pr-support.o)
                              c:/gcc_arm/12dbab~1.2re/bin/../lib/gcc/arm-none-eabi/12.2.1/thumb/v6-m/nofp\libgcc.a(unwind-arm.o) (__gnu_unwind_execute)
c:/gcc_arm/12dbab~1.2re/bin/../lib/gcc/arm-none-eabi/12.2.1/thumb/v6-m/nofp\libg.a(libc_a-abort.o)
                              c:/gcc_arm/12dbab~1.2re/bin/../lib/gcc/arm-none-eabi/12.2.1/thumb/v6-m/nofp\libgcc.a(pr-support.o) (abort)
c:/gcc_arm/12dbab~1.2re/bin/../lib/gcc/arm-none-eabi/12.2.1/thumb/v6-m/nofp\libg.a(libc_a-atoi.o)
                              CMakeFiles/fw.dir/C_/RP2040/pico-sdk/lib/lwip/src/core/netif.c.obj (atoi)
c:/gcc_arm/12dbab~1.2re/bin/../lib/gcc/arm-none-eabi/12.2.1/thumb/v6-m/nofp\libg.a(libc_a-calloc.o)
                              CMakeFiles/fw.dir/C_/RP2040/pico-sdk/src/rp2_common/pico_malloc/pico_malloc.c.obj (calloc)
c:/gcc_arm/12dbab~1.2re/bin/../lib/gcc/arm-none-eabi/12.2.1/thumb/v6-m/nofp\libg.a(libc_a-callocr.o)
                              c:/gcc_arm/12dbab~1.2re/bin/../lib/gcc/arm-none-eabi/12.2.1/thumb/v6-m/nofp\libg.a(libc_a-calloc.o) (_calloc_r)
c:/gcc_arm/12dbab~1.2re/bin/../lib/gcc/arm-none-eabi/12.2.1/thumb/v6-m/nofp\libg.a(libc_a-malloc.o)
                              CMakeFiles/fw.dir/C_/RP2040/pico-sdk/src/rp2_common/pico_malloc/pico_malloc.c.obj (malloc)
c:/gcc_arm/12dbab~1.2re/bin/../lib/gcc/arm-none-eabi/12.2.1/thumb/v6-m/nofp\libg.a(libc_a-mallocr.o)
                              c:/gcc_arm/12dbab~1.2re/bin/../lib/gcc/arm-none-eabi/12.2.1/thumb/v6-m/nofp\libg.a(libc_a-callocr.o) (_malloc_r)
c:/gcc_arm/12dbab~1.2re/bin/../lib/gcc/arm-none-eabi/12.2.1/thumb/v6-m/nofp\libg.a(libc_a-mlock.o)
                              c:/gcc_arm/12dbab~1.2re/bin/../lib/gcc/arm-none-eabi/12.2.1/thumb/v6-m/nofp\libg.a(libc_a-mallocr.o) (__malloc_lock)
c:/gcc_arm/12dbab~1.2re/bin/../lib/gcc/arm-none-eabi/12.2.1/thumb/v6-m/nofp\libg.a(libc_a-realloc.o)
                              CMakeFiles/fw.dir/C_/RP2040/pico-sdk/src/rp2_common/pico_malloc/pico_malloc.c.obj (realloc)
c:/gcc_arm/12dbab~1.2re/bin/../lib/gcc/arm-none-eabi/12.2.1/thumb/v6-m/nofp\libg.a(libc_a-reallocr.o)
                              c:/gcc_arm/12dbab~1.2re/bin/../lib/gcc/arm-none-eabi/12.2.1/thumb/v6-m/nofp\libg.a(libc_a-realloc.o) (_realloc_r)
c:/gcc_arm/12dbab~1.2re/bin/../lib/gcc/arm-none-eabi/12.2.1/thumb/v6-m/nofp\libg.a(libc_a-strtol.o)
                              c:/gcc_arm/12dbab~1.2re/bin/../lib/gcc/arm-none-eabi/12.2.1/thumb/v6-m/nofp\libg.a(libc_a-atoi.o) (_strtol_r)
c:/gcc_arm/12dbab~1.2re/bin/../lib/gcc/arm-none-eabi/12.2.1/thumb/v6-m/nofp\libg.a(libc_a-ctype_.o)
                              CMakeFiles/fw.dir/C_/RP2040/pico-sdk/lib/lwip/src/core/dns.c.obj (_ctype_)
c:/gcc_arm/12dbab~1.2re/bin/../lib/gcc/arm-none-eabi/12.2.1/thumb/v6-m/nofp\libg.a(libc_a-memcmp.o)
                              CMakeFiles/fw.dir/C_/RP2040/pico-sdk/lib/cyw43-driver/src/cyw43_ll.c.obj (memcmp)
c:/gcc_arm/12dbab~1.2re/bin/../lib/gcc/arm-none-eabi/12.2.1/thumb/v6-m/nofp\libg.a(libc_a-memmove.o)
                              CMakeFiles/fw.dir/C_/RP2040/pico-sdk/lib/cyw43-driver/src/cyw43_ll.c.obj (memmove)
c:/gcc_arm/12dbab~1.2re/bin/../lib/gcc/arm-none-eabi/12.2.1/thumb/v6-m/nofp\libg.a(libc_a-strncmp.o)
                              CMakeFiles/fw.dir/C_/RP2040/pico-sdk/lib/cyw43-driver/src/cyw43_ll.c.obj (strncmp)
c:/gcc_arm/12dbab~1.2re/bin/../lib/gcc/arm-none-eabi/12.2.1/thumb/v6-m/nofp\libg.a(libc_a-signal.o)
                              c:/gcc_arm/12dbab~1.2re/bin/../lib/gcc/arm-none-eabi/12.2.1/thumb/v6-m/nofp\libg.a(libc_a-abort.o) (raise)
c:/gcc_arm/12dbab~1.2re/bin/../lib/gcc/arm-none-eabi/12.2.1/thumb/v6-m/nofp\libg.a(libc_a-impure.o)
                              c:/gcc_arm/12dbab~1.2re/bin/../lib/gcc/arm-none-eabi/12.2.1/thumb/v6-m/nofp\libg.a(libc_a-calloc.o) (_impure_ptr)
c:/gcc_arm/12dbab~1.2re/bin/../lib/gcc/arm-none-eabi/12.2.1/thumb/v6-m/nofp\libg.a(libc_a-signalr.o)
                              c:/gcc_arm/12dbab~1.2re/bin/../lib/gcc/arm-none-eabi/12.2.1/thumb/v6-m/nofp\libg.a(libc_a-signal.o) (_kill_r)
c:/gcc_arm/12dbab~1.2re/bin/../lib/gcc/arm-none-eabi/12.2.1/thumb/v6-m/nofp\libg.a(libc_a-sbrkr.o)
[...]
Memory Configuration

Name             Origin             Length             Attributes
FLASH            0x10000000         0x00200000         xr
RAM              0x20000000         0x00040000         xrw
SCRATCH_X        0x20040000         0x00001000         xrw
SCRATCH_Y        0x20041000         0x00001000         xrw
*default*        0x00000000         0xffffffff

Linker script and memory map

LOAD c:/gcc_arm/12dbab~1.2re/bin/../lib/gcc/arm-none-eabi/12.2.1/thumb/v6-m/nofp/crti.o
LOAD c:/gcc_arm/12dbab~1.2re/bin/../lib/gcc/arm-none-eabi/12.2.1/thumb/v6-m/nofp/crtbegin.o
LOAD c:/gcc_arm/12dbab~1.2re/bin/../lib/gcc/arm-none-eabi/12.2.1/thumb/v6-m/nofp/crt0.o

.flash_begin    0x10000000        0x0
                0x10000000                __flash_binary_start = .

.boot2          0x10000000      0x100
                0x10000000                __boot2_start__ = .
 *(.boot2)
 .boot2         0x10000000      0x100 C:\Users\franc\AppData\Local\Temp\cccHJAKL.o
                0x10000100                __boot2_end__ = .
                0x00000001                ASSERT (((__boot2_end__ - __boot2_start__) == 0x100), ERROR: Pico second stage bootloader must be 256 bytes in size)

.text           0x10000100     0x3d18
                0x10000100                __logical_binary_start = .
 *(.vectors)
 .vectors       0x10000100       0xd4 CMakeFiles/fw.dir/C_/RP2040/pico-sdk/src/rp2_common/pico_standard_link/crt0.S.obj
                0x10000100                __VECTOR_TABLE
                0x10000100                __vectors
                0x100001c0                isr_invalid
                0x100001c0                __default_isrs_start
                0x100001c2                isr_nmi
                0x100001c4                isr_hardfault
                0x100001c6                isr_svcall
                0x100001c8                isr_pendsv
                0x100001ca                isr_systick
                0x100001cc                isr_irq23
                0x100001cc                isr_irq18
                0x100001cc                isr_irq11
                0x100001cc                isr_irq28
                0x100001cc                isr_irq19
                0x100001cc                isr_irq0
                0x100001cc                isr_irq6
                0x100001cc                isr_irq5
                0x100001cc                isr_irq12
                0x100001cc                isr_irq22
                0x100001cc                isr_irq31
                0x100001cc                isr_irq17
                0x100001cc                isr_irq27
                0x100001cc                isr_irq30
                0x100001cc                isr_irq2
                0x100001cc                isr_irq10
                0x100001cc                isr_irq8
                0x100001cc                isr_irq24
                0x100001cc                isr_irq1
                0x100001cc                isr_irq7
                0x100001cc                isr_irq21
                0x100001cc                isr_irq20
                0x100001cc                isr_irq15
                0x100001cc                isr_irq25
                0x100001cc                isr_irq13
                0x100001cc                __unhandled_user_irq
                0x100001cc                isr_irq4
                0x100001cc                isr_irq16
                0x100001cc                isr_irq29
                0x100001cc                isr_irq26
                0x100001cc                __default_isrs_end
                0x100001cc                isr_irq3
                0x100001cc                isr_irq14
                0x100001cc                isr_irq9
                0x100001d2                unhandled_user_irq_num_in_r0
 *(.binary_info_header)
 .binary_info_header
                0x100001d4       0x14 CMakeFiles/fw.dir/C_/RP2040/pico-sdk/src/rp2_common/pico_standard_link/crt0.S.obj
                0x100001e8                __binary_info_header_end = .
 *(.reset)
 .reset         0x100001e8       0xa8 CMakeFiles/fw.dir/C_/RP2040/pico-sdk/src/rp2_common/pico_standard_link/crt0.S.obj
                0x100001e8                _entry_point
                0x10000266                __get_current_exception
 .reset         0x10000290       0x30 CMakeFiles/fw.dir/C_/RP2040/pico-sdk/src/rp2_common/pico_standard_link/binary_info.c.obj
 *(.init)
 .init          0x100002c0        0x4 c:/gcc_arm/12dbab~1.2re/bin/../lib/gcc/arm-none-eabi/12.2.1/thumb/v6-m/nofp/crti.o
                0x100002c0                _init
 *(EXCLUDE_FILE(*libm.a: *libc.a:*lib_a-mem*.o *libgcc.a:) .text*)
 .text.register_tm_clones
                0x100002c4       0x28 c:/gcc_arm/12dbab~1.2re/bin/../lib/gcc/arm-none-eabi/12.2.1/thumb/v6-m/nofp/crtbegin.o
 .text.frame_dummy
                0x100002ec       0x24 c:/gcc_arm/12dbab~1.2re/bin/../lib/gcc/arm-none-eabi/12.2.1/thumb/v6-m/nofp/crtbegin.o
 .text._Z14alarm_callbacklPv
                0x10000310        0x6 CMakeFiles/fw.dir/fw.cpp.obj
                0x10000310                alarm_callback(long, void*)
 *fill*         0x10000316        0x2 
 .text._ZL20update_us_since_bootP15absolute_time_ty
                0x10000318       0x24 CMakeFiles/fw.dir/fw.cpp.obj
 .text.get_absolute_time
                0x1000033c       0x16 CMakeFiles/fw.dir/fw.cpp.obj
 .text.delayed_by_ms
                0x10000352       0x3e CMakeFiles/fw.dir/fw.cpp.obj
 .text.alarm_pool_add_alarm_in_ms
                0x10000390       0x3e CMakeFiles/fw.dir/fw.cpp.obj
 .text.add_alarm_in_ms
                0x100003ce       0x20 CMakeFiles/fw.dir/fw.cpp.obj
 *fill*         0x100003ee        0x2 
 .text.main     0x100003f0       0xa4 CMakeFiles/fw.dir/fw.cpp.obj
                0x100003f0                main
 .text.gpio_set_function
                0x10000494       0x30 CMakeFiles/fw.dir/C_/RP2040/pico-sdk/src/rp2_common/hardware_gpio/gpio.c.obj
                0x10000494                gpio_set_function
 .text.gpio_set_pulls
                0x100004c4       0x34 CMakeFiles/fw.dir/C_/RP2040/pico-sdk/src/rp2_common/hardware_gpio/gpio.c.obj
                0x100004c4                gpio_set_pulls
 .text.hw_claim_lock
                0x100004f8       0x18 CMakeFiles/fw.dir/C_/RP2040/pico-sdk/src/rp2_common/hardware_claim/claim.c.obj
                0x100004f8                hw_claim_lock
 .text.hw_claim_unlock
                0x10000510       0x14 CMakeFiles/fw.dir/C_/RP2040/pico-sdk/src/rp2_common/hardware_claim/claim.c.obj
                0x10000510                hw_claim_unlock
 .text.hw_claim_or_assert
                0x10000524       0x32 CMakeFiles/fw.dir/C_/RP2040/pico-sdk/src/rp2_common/hardware_claim/claim.c.obj
                0x10000524                hw_claim_or_assert
 *fill*         0x10000556        0x2 
 .text.running_on_fpga
                0x10000558       0x14 CMakeFiles/fw.dir/C_/RP2040/pico-sdk/src/rp2_common/pico_platform/platform.c.obj
                0x10000558                running_on_fpga
 .text.spin_locks_reset
                0x1000056c       0x20 CMakeFiles/fw.dir/C_/RP2040/pico-sdk/src/rp2_common/hardware_sync/sync.c.obj
                0x1000056c                spin_locks_reset
 .text.next_striped_spin_lock_num
                0x1000058c       0x1c CMakeFiles/fw.dir/C_/RP2040/pico-sdk/src/rp2_common/hardware_sync/sync.c.obj
                0x1000058c                next_striped_spin_lock_num
 .text.set_raw_irq_handler_and_unlock
                0x100005a8       0x28 CMakeFiles/fw.dir/C_/RP2040/pico-sdk/src/rp2_common/hardware_irq/irq.c.obj
 .text.resolve_branch
                0x100005d0       0x30 CMakeFiles/fw.dir/C_/RP2040/pico-sdk/src/rp2_common/hardware_irq/irq.c.obj
 .text.make_branch
                0x10000600       0x48 CMakeFiles/fw.dir/C_/RP2040/pico-sdk/src/rp2_common/hardware_irq/irq.c.obj
 .text.insert_branch_and_link
                0x10000648       0x40 CMakeFiles/fw.dir/C_/RP2040/pico-sdk/src/rp2_common/hardware_irq/irq.c.obj
 .text.irq_is_enabled
                0x10000688       0x18 CMakeFiles/fw.dir/C_/RP2040/pico-sdk/src/rp2_common/hardware_irq/irq.c.obj
                0x10000688                irq_is_enabled
 .text.irq_set_mask_enabled
                0x100006a0       0x20 CMakeFiles/fw.dir/C_/RP2040/pico-sdk/src/rp2_common/hardware_irq/irq.c.obj
                0x100006a0                irq_set_mask_enabled
 .text.irq_set_enabled
                0x100006c0        0xe CMakeFiles/fw.dir/C_/RP2040/pico-sdk/src/rp2_common/hardware_irq/irq.c.obj
                0x100006c0                irq_set_enabled
 *fill*         0x100006ce        0x2 
 .text.irq_get_vtable_handler
                0x100006d0       0x10 CMakeFiles/fw.dir/C_/RP2040/pico-sdk/src/rp2_common/hardware_irq/irq.c.obj
                0x100006d0                irq_get_vtable_handler
 .text.irq_set_exclusive_handler
                0x100006e0       0x54 CMakeFiles/fw.dir/C_/RP2040/pico-sdk/src/rp2_common/hardware_irq/irq.c.obj
                0x100006e0                irq_set_exclusive_handler
 .text.irq_remove_handler
                0x10000734      0x188 CMakeFiles/fw.dir/C_/RP2040/pico-sdk/src/rp2_common/hardware_irq/irq.c.obj
                0x10000734                irq_remove_handler
 .text.irq_add_tail_to_free_list
                0x100008bc       0xf0 CMakeFiles/fw.dir/C_/RP2040/pico-sdk/src/rp2_common/hardware_irq/irq.c.obj
                0x100008bc                irq_add_tail_to_free_list
 .text.irq_init_priorities
                0x100009ac       0x1c CMakeFiles/fw.dir/C_/RP2040/pico-sdk/src/rp2_common/hardware_irq/irq.c.obj
                0x100009ac                irq_init_priorities
 .text.lock_init
                0x100009c8       0x10 CMakeFiles/fw.dir/C_/RP2040/pico-sdk/src/common/pico_sync/lock_core.c.obj
                0x100009c8                lock_init
 .text.get_entry
                0x100009d8       0x38 CMakeFiles/fw.dir/C_/RP2040/pico-sdk/src/common/pico_time/time.c.obj
 .text.timer_pool_entry_comparator
                0x10000a10       0x2e CMakeFiles/fw.dir/C_/RP2040/pico-sdk/src/common/pico_time/time.c.obj
                0x10000a10                timer_pool_entry_comparator
 *fill*         0x10000a3e        0x2 
 .text.update_us_since_boot
                0x10000a40       0x24 CMakeFiles/fw.dir/C_/RP2040/pico-sdk/src/common/pico_time/time.c.obj
 .text.delayed_by_us
                0x10000a64       0x36 CMakeFiles/fw.dir/C_/RP2040/pico-sdk/src/common/pico_time/time.c.obj
 *fill*         0x10000a9a        0x2 
 .text.ph_get_node
                0x10000a9c       0x30 CMakeFiles/fw.dir/C_/RP2040/pico-sdk/src/common/pico_time/time.c.obj
 .text.ph_contains_node
                0x10000acc       0x1e CMakeFiles/fw.dir/C_/RP2040/pico-sdk/src/common/pico_time/time.c.obj
 .text.ph_new_node
                0x10000aea       0x28 CMakeFiles/fw.dir/C_/RP2040/pico-sdk/src/common/pico_time/time.c.obj
 *fill*         0x10000b12        0x2 
 .text.ph_add_child_node
                0x10000b14       0x6c CMakeFiles/fw.dir/C_/RP2040/pico-sdk/src/common/pico_time/time.c.obj
 .text.ph_merge_nodes
                0x10000b80       0x3e CMakeFiles/fw.dir/C_/RP2040/pico-sdk/src/common/pico_time/time.c.obj
 *fill*         0x10000bbe        0x2 
 .text.ph_insert_node
                0x10000bc0       0x3c CMakeFiles/fw.dir/C_/RP2040/pico-sdk/src/common/pico_time/time.c.obj
 .text.ph_free_node
                0x10000bfc       0x3c CMakeFiles/fw.dir/C_/RP2040/pico-sdk/src/common/pico_time/time.c.obj
 .text.get_entry_id_high
                0x10000c38       0x30 CMakeFiles/fw.dir/C_/RP2040/pico-sdk/src/common/pico_time/time.c.obj
 .text.alarm_pool_post_alloc_init
                0x10000c68       0x40 CMakeFiles/fw.dir/C_/RP2040/pico-sdk/src/common/pico_time/time.c.obj
 .text.get_absolute_time
                0x10000ca8       0x22 CMakeFiles/fw.dir/C_/RP2040/pico-sdk/src/common/pico_time/time.c.obj
 *fill*         0x10000cca        0x2 
 .text.add_alarm_under_lock
                0x10000ccc       0x94 CMakeFiles/fw.dir/C_/RP2040/pico-sdk/src/common/pico_time/time.c.obj
 .text.alarm_pool_alarm_callback
                0x10000d60      0x20c CMakeFiles/fw.dir/C_/RP2040/pico-sdk/src/common/pico_time/time.c.obj
 .text.alarm_pool_init_default
                0x10000f6c       0x38 CMakeFiles/fw.dir/C_/RP2040/pico-sdk/src/common/pico_time/time.c.obj
                0x10000f6c                alarm_pool_init_default
 .text.alarm_pool_get_default
                0x10000fa4       0x2c CMakeFiles/fw.dir/C_/RP2040/pico-sdk/src/common/pico_time/time.c.obj
                0x10000fa4                alarm_pool_get_default
 .text.alarm_pool_add_alarm_at
                0x10000fd0      0x10e CMakeFiles/fw.dir/C_/RP2040/pico-sdk/src/common/pico_time/time.c.obj
                0x10000fd0                alarm_pool_add_alarm_at
 *fill*         0x100010de        0x2 
 .text.hardware_alarm_irq_handler
                0x100010e0       0x88 CMakeFiles/fw.dir/C_/RP2040/pico-sdk/src/rp2_common/hardware_timer/timer.c.obj
 .text.hardware_alarm_claim
                0x10001168       0x18 CMakeFiles/fw.dir/C_/RP2040/pico-sdk/src/rp2_common/hardware_timer/timer.c.obj
                0x10001168                hardware_alarm_claim
 .text.time_us_64
                0x10001180       0x18 CMakeFiles/fw.dir/C_/RP2040/pico-sdk/src/rp2_common/hardware_timer/timer.c.obj
                0x10001180                time_us_64
 .text.hardware_alarm_set_callback
                0x10001198       0x90 CMakeFiles/fw.dir/C_/RP2040/pico-sdk/src/rp2_common/hardware_timer/timer.c.obj
                0x10001198                hardware_alarm_set_callback
 .text.hardware_alarm_set_target
                0x10001228       0xe8 CMakeFiles/fw.dir/C_/RP2040/pico-sdk/src/rp2_common/hardware_timer/timer.c.obj
                0x10001228                hardware_alarm_set_target
 .text.hardware_alarm_cancel
                0x10001310       0x40 CMakeFiles/fw.dir/C_/RP2040/pico-sdk/src/rp2_common/hardware_timer/timer.c.obj
                0x10001310                hardware_alarm_cancel
 .text.ph_get_node
                0x10001350       0x30 CMakeFiles/fw.dir/C_/RP2040/pico-sdk/src/common/pico_util/pheap.c.obj
 .text.ph_add_child_node
                0x10001380       0x6c CMakeFiles/fw.dir/C_/RP2040/pico-sdk/src/common/pico_util/pheap.c.obj
 .text.ph_merge_nodes
                0x100013ec       0x3e CMakeFiles/fw.dir/C_/RP2040/pico-sdk/src/common/pico_util/pheap.c.obj
 .text.ph_clear
                0x1000142a       0x34 CMakeFiles/fw.dir/C_/RP2040/pico-sdk/src/common/pico_util/pheap.c.obj
                0x1000142a                ph_clear
 .text.ph_post_alloc_init
                0x1000145e        0xe CMakeFiles/fw.dir/C_/RP2040/pico-sdk/src/common/pico_util/pheap.c.obj
                0x1000145e                ph_post_alloc_init
 .text.ph_merge_two_pass
                0x1000146c       0x5c CMakeFiles/fw.dir/C_/RP2040/pico-sdk/src/common/pico_util/pheap.c.obj
                0x1000146c                ph_merge_two_pass
 .text.ph_remove_any_head
                0x100014c8       0xa4 CMakeFiles/fw.dir/C_/RP2040/pico-sdk/src/common/pico_util/pheap.c.obj
 .text.ph_remove_head
                0x1000156c       0x14 CMakeFiles/fw.dir/C_/RP2040/pico-sdk/src/common/pico_util/pheap.c.obj
                0x1000156c                ph_remove_head
 .text.ph_remove_and_free_node
                0x10001580       0xa0 CMakeFiles/fw.dir/C_/RP2040/pico-sdk/src/common/pico_util/pheap.c.obj
                0x10001580                ph_remove_and_free_node
 .text.mutex_init
                0x10001620       0x1a CMakeFiles/fw.dir/C_/RP2040/pico-sdk/src/common/pico_sync/mutex.c.obj
                0x10001620                mutex_init
 .text.recursive_mutex_init
                0x1000163a       0x1e CMakeFiles/fw.dir/C_/RP2040/pico-sdk/src/common/pico_sync/mutex.c.obj
                0x1000163a                recursive_mutex_init
 .text.uart_set_baudrate
                0x10001658       0x5c CMakeFiles/fw.dir/C_/RP2040/pico-sdk/src/rp2_common/hardware_uart/uart.c.obj
                0x10001658                uart_set_baudrate
 .text.uart_set_translate_crlf
                0x100016b4       0x28 CMakeFiles/fw.dir/C_/RP2040/pico-sdk/src/rp2_common/hardware_uart/uart.c.obj
                0x100016b4                uart_set_translate_crlf
 .text.uart_init
                0x100016dc       0x80 CMakeFiles/fw.dir/C_/RP2040/pico-sdk/src/rp2_common/hardware_uart/uart.c.obj
                0x100016dc                uart_init
 .text._exit    0x1000175c        0x4 CMakeFiles/fw.dir/C_/RP2040/pico-sdk/src/rp2_common/pico_runtime/runtime.c.obj
                0x1000175c                _exit
 .text.exit     0x10001760        0x6 CMakeFiles/fw.dir/C_/RP2040/pico-sdk/src/rp2_common/pico_runtime/runtime.c.obj
                0x10001760                exit
 *fill*         0x10001766        0x2 
 .text.__assert_func
                0x10001768       0x38 CMakeFiles/fw.dir/C_/RP2040/pico-sdk/src/rp2_common/pico_runtime/runtime.c.obj
                0x10001768                __assert_func
 .text.runtime_init
                0x100017a0       0xf8 CMakeFiles/fw.dir/C_/RP2040/pico-sdk/src/rp2_common/pico_runtime/runtime.c.obj
                0x100017a0                runtime_init
 .text.panic    0x10001898       0x30 CMakeFiles/fw.dir/C_/RP2040/pico-sdk/src/rp2_common/pico_runtime/runtime.c.obj
                0x10001898                panic
 .text.clock_configure
                0x100018c8      0x104 CMakeFiles/fw.dir/C_/RP2040/pico-sdk/src/rp2_common/hardware_clocks/clocks.c.obj
                0x100018c8                clock_configure
 .text.clocks_init
                0x100019cc      0x100 CMakeFiles/fw.dir/C_/RP2040/pico-sdk/src/rp2_common/hardware_clocks/clocks.c.obj
                0x100019cc                clocks_init
 .text.clock_get_hz
                0x10001acc        0xc CMakeFiles/fw.dir/C_/RP2040/pico-sdk/src/rp2_common/hardware_clocks/clocks.c.obj
                0x10001acc                clock_get_hz
 .text.pll_init
                0x10001ad8      0x140 CMakeFiles/fw.dir/C_/RP2040/pico-sdk/src/rp2_common/hardware_pll/pll.c.obj
                0x10001ad8                pll_init
 .text.watchdog_start_tick
                0x10001c18       0x10 CMakeFiles/fw.dir/C_/RP2040/pico-sdk/src/rp2_common/hardware_watchdog/watchdog.c.obj
                0x10001c18                watchdog_start_tick
 .text.xosc_init
                0x10001c28       0x28 CMakeFiles/fw.dir/C_/RP2040/pico-sdk/src/rp2_common/hardware_xosc/xosc.c.obj
                0x10001c28                xosc_init
 .text._out_null
                0x10001c50        0x2 CMakeFiles/fw.dir/C_/RP2040/pico-sdk/src/rp2_common/pico_printf/printf.c.obj
 .text._out_fct
                0x10001c52        0xe CMakeFiles/fw.dir/C_/RP2040/pico-sdk/src/rp2_common/pico_printf/printf.c.obj
 .text._atoi    0x10001c60       0x24 CMakeFiles/fw.dir/C_/RP2040/pico-sdk/src/rp2_common/pico_printf/printf.c.obj
 .text._out_rev
                0x10001c84       0xae CMakeFiles/fw.dir/C_/RP2040/pico-sdk/src/rp2_common/pico_printf/printf.c.obj
 .text._ntoa_format
                0x10001d32      0x110 CMakeFiles/fw.dir/C_/RP2040/pico-sdk/src/rp2_common/pico_printf/printf.c.obj
 .text._ntoa_long
                0x10001e42       0xbc CMakeFiles/fw.dir/C_/RP2040/pico-sdk/src/rp2_common/pico_printf/printf.c.obj
 .text._ntoa_long_long
                0x10001efe      0x10e CMakeFiles/fw.dir/C_/RP2040/pico-sdk/src/rp2_common/pico_printf/printf.c.obj
 .text._etoa    0x1000200c      0x420 CMakeFiles/fw.dir/C_/RP2040/pico-sdk/src/rp2_common/pico_printf/printf.c.obj
 .text._ftoa    0x1000242c      0x354 CMakeFiles/fw.dir/C_/RP2040/pico-sdk/src/rp2_common/pico_printf/printf.c.obj
 .text._vsnprintf
                0x10002780      0x65c CMakeFiles/fw.dir/C_/RP2040/pico-sdk/src/rp2_common/pico_printf/printf.c.obj
 .text.vfctprintf
                0x10002ddc       0x20 CMakeFiles/fw.dir/C_/RP2040/pico-sdk/src/rp2_common/pico_printf/printf.c.obj
                0x10002ddc                vfctprintf
 .text          0x10002dfc       0x10 CMakeFiles/fw.dir/C_/RP2040/pico-sdk/src/rp2_common/pico_bit_ops/bit_ops_aeabi.S.obj
 .text.rom_func_lookup
                0x10002e0c       0x10 CMakeFiles/fw.dir/C_/RP2040/pico-sdk/src/rp2_common/pico_bootrom/bootrom.c.obj
                0x10002e0c                rom_func_lookup
 .text.rom_data_lookup
                0x10002e1c       0x10 CMakeFiles/fw.dir/C_/RP2040/pico-sdk/src/rp2_common/pico_bootrom/bootrom.c.obj
                0x10002e1c                rom_data_lookup
 .text.rom_funcs_lookup
                0x10002e2c       0x36 CMakeFiles/fw.dir/C_/RP2040/pico-sdk/src/rp2_common/pico_bootrom/bootrom.c.obj
                0x10002e2c                rom_funcs_lookup
 *fill*         0x10002e62        0x2 
 .text.__wrap___aeabi_idiv
                0x10002e64       0x50 CMakeFiles/fw.dir/C_/RP2040/pico-sdk/src/rp2_common/pico_divider/divider.S.obj
                0x10002e64                __wrap___aeabi_idivmod
                0x10002e64                divmod_s32s32
                0x10002e64                div_s32s32
                0x10002e64                __wrap___aeabi_idiv
                0x10002e6c                divmod_s32s32_unsafe
                0x10002e98                divmod_s32s32_savestate
 .text.__wrap___aeabi_uidiv
                0x10002eb4       0x4c CMakeFiles/fw.dir/C_/RP2040/pico-sdk/src/rp2_common/pico_divider/divider.S.obj
                0x10002eb4                __wrap___aeabi_uidiv
                0x10002eb4                __wrap___aeabi_uidivmod
                0x10002eb4                div_u32u32
                0x10002eb4                divmod_u32u32
                0x10002ebc                divmod_u32u32_unsafe
                0x10002ee4                divmod_u32u32_savestate
 .text.__wrap___aeabi_ldiv
                0x10002f00      0x434 CMakeFiles/fw.dir/C_/RP2040/pico-sdk/src/rp2_common/pico_divider/divider.S.obj
                0x10002f00                div_s64s64
                0x10002f00                divmod_s64s64
                0x10002f00                __wrap___aeabi_ldivmod
                0x10002f38                divmod_u64u64
                0x10002f38                div_u64u64
                0x10002f38                __wrap___aeabi_uldivmod
                0x10002f48                divmod_u64u64_savestate
                0x10002f70                divmod_s64s64_unsafe
                0x10002ff8                divmod_u64u64_unsafe
 .text.__wrap___aeabi_darithmetic
                0x10003334       0x60 CMakeFiles/fw.dir/C_/RP2040/pico-sdk/src/rp2_common/pico_double/double_aeabi.S.obj
                0x10003334                __wrap___aeabi_drsub
                0x1000333a                __wrap___aeabi_dsub
                0x10003344                __wrap___aeabi_dadd
                0x1000334e                __wrap___aeabi_ddiv
                0x10003382                __wrap___aeabi_dmul
 .text.__wrap___aeabi_cdcmple
                0x10003394       0x6c CMakeFiles/fw.dir/C_/RP2040/pico-sdk/src/rp2_common/pico_double/double_aeabi.S.obj
                0x10003394                __wrap___aeabi_cdrcmple
                0x100033a4                __wrap___aeabi_cdcmpeq
                0x100033a4                __wrap___aeabi_cdcmple
 .text.__wrap___aeabi_dcmplt
                0x10003400        0xc CMakeFiles/fw.dir/C_/RP2040/pico-sdk/src/rp2_common/pico_double/double_aeabi.S.obj
                0x10003400                __wrap___aeabi_dcmplt
 .text.__wrap___aeabi_dcmple
                0x1000340c       0x10 CMakeFiles/fw.dir/C_/RP2040/pico-sdk/src/rp2_common/pico_double/double_aeabi.S.obj
                0x1000340c                __wrap___aeabi_dcmple
 .text.__wrap___aeabi_dcmpge
                0x1000341c       0x10 CMakeFiles/fw.dir/C_/RP2040/pico-sdk/src/rp2_common/pico_double/double_aeabi.S.obj
                0x1000341c                __wrap___aeabi_dcmpge
 .text.__wrap___aeabi_dcmpgt
                0x1000342c        0xa CMakeFiles/fw.dir/C_/RP2040/pico-sdk/src/rp2_common/pico_double/double_aeabi.S.obj
                0x1000342c                __wrap___aeabi_dcmpgt
 .text.__wrap___aeabi_dcmpun
                0x10003436       0x1c CMakeFiles/fw.dir/C_/RP2040/pico-sdk/src/rp2_common/pico_double/double_aeabi.S.obj
                0x10003436                __wrap___aeabi_dcmpun
 *fill*         0x10003452        0x2 
 .text.__wrap___aeabi_i2d
                0x10003454       0x38 CMakeFiles/fw.dir/C_/RP2040/pico-sdk/src/rp2_common/pico_double/double_aeabi.S.obj
                0x10003454                __wrap___aeabi_ui2d
                0x1000345c                __wrap___aeabi_i2d
 .text.__wrap___aeabi_d2iz
                0x1000348c       0x48 CMakeFiles/fw.dir/C_/RP2040/pico-sdk/src/rp2_common/pico_double/double_aeabi.S.obj
                0x1000348c                double2int_z
                0x1000348c                __wrap___aeabi_d2iz
 .text.__wrap___aeabi_d2uiz
                0x100034d4       0x10 CMakeFiles/fw.dir/C_/RP2040/pico-sdk/src/rp2_common/pico_double/double_aeabi.S.obj
                0x100034d4                __wrap___aeabi_d2uiz
                0x100034d4                double2uint
 .text.missing_double_func_shim
                0x100034e4        0xc CMakeFiles/fw.dir/C_/RP2040/pico-sdk/src/rp2_common/pico_double/double_init_rom.c.obj
 .text.__aeabi_double_init
                0x100034f0       0xd0 CMakeFiles/fw.dir/C_/RP2040/pico-sdk/src/rp2_common/pico_double/double_init_rom.c.obj
                0x100034f0                __aeabi_double_init
 .text.double_table_shim_on_use_helper
                0x100035c0       0x34 CMakeFiles/fw.dir/C_/RP2040/pico-sdk/src/rp2_common/pico_double/double_v1_rom_shim.S.obj
                0x100035c0                double_table_shim_on_use_helper
 .text.__aeabi_lmul
                0x100035f4       0x32 CMakeFiles/fw.dir/C_/RP2040/pico-sdk/src/rp2_common/pico_int64_ops/pico_int64_ops_aeabi.S.obj
                0x100035f4                __wrap___aeabi_lmul
 *fill*         0x10003626        0x2 
 .text.missing_float_func_shim
                0x10003628        0xc CMakeFiles/fw.dir/C_/RP2040/pico-sdk/src/rp2_common/pico_float/float_init_rom.c.obj
 .text.__aeabi_float_init
                0x10003634       0x88 CMakeFiles/fw.dir/C_/RP2040/pico-sdk/src/rp2_common/pico_float/float_init_rom.c.obj
                0x10003634                __aeabi_float_init
 .text          0x100036bc       0x10 CMakeFiles/fw.dir/C_/RP2040/pico-sdk/src/rp2_common/pico_mem_ops/mem_ops_aeabi.S.obj
                0x100036bc                __aeabi_mem_init
 .text.memset   0x100036cc        0xc CMakeFiles/fw.dir/C_/RP2040/pico-sdk/src/rp2_common/pico_mem_ops/mem_ops_aeabi.S.obj
                0x100036cc                __wrap_memset
 .text.memcpy   0x100036d8        0xc CMakeFiles/fw.dir/C_/RP2040/pico-sdk/src/rp2_common/pico_mem_ops/mem_ops_aeabi.S.obj
                0x100036d8                __wrap_memcpy
                0x100036d8                __wrap___aeabi_memcpy
 .text.stdio_out_chars_no_crlf
                0x100036e4        0xe CMakeFiles/fw.dir/C_/RP2040/pico-sdk/src/rp2_common/pico_stdio/stdio.c.obj
 *fill*         0x100036f2        0x2 
 .text.stdio_out_chars_crlf
                0x100036f4       0x80 CMakeFiles/fw.dir/C_/RP2040/pico-sdk/src/rp2_common/pico_stdio/stdio.c.obj
 .text.stdio_stack_buffer_flush
                0x10003774       0x44 CMakeFiles/fw.dir/C_/RP2040/pico-sdk/src/rp2_common/pico_stdio/stdio.c.obj
 .text.stdio_buffered_printer
                0x100037b8       0x20 CMakeFiles/fw.dir/C_/RP2040/pico-sdk/src/rp2_common/pico_stdio/stdio.c.obj
 .text.stdout_serialize_begin
                0x100037d8       0x30 CMakeFiles/fw.dir/C_/RP2040/pico-sdk/src/rp2_common/pico_stdio/stdio.c.obj
                0x100037d8                stdout_serialize_begin
 .text.stdout_serialize_end
                0x10003808       0x10 CMakeFiles/fw.dir/C_/RP2040/pico-sdk/src/rp2_common/pico_stdio/stdio.c.obj
                0x10003808                stdout_serialize_end
 .text.stdio_put_string
                0x10003818       0x98 CMakeFiles/fw.dir/C_/RP2040/pico-sdk/src/rp2_common/pico_stdio/stdio.c.obj
 .text.stdio_set_driver_enabled
                0x100038b0       0x2c CMakeFiles/fw.dir/C_/RP2040/pico-sdk/src/rp2_common/pico_stdio/stdio.c.obj
                0x100038b0                stdio_set_driver_enabled
 .text.stdio_flush
                0x100038dc       0x20 CMakeFiles/fw.dir/C_/RP2040/pico-sdk/src/rp2_common/pico_stdio/stdio.c.obj
                0x100038dc                stdio_flush
 .text.__wrap_puts
                0x100038fc       0x1e CMakeFiles/fw.dir/C_/RP2040/pico-sdk/src/rp2_common/pico_stdio/stdio.c.obj
                0x100038fc                __wrap_puts
 *fill*         0x1000391a        0x2 
 .text.__wrap_vprintf
                0x1000391c       0x44 CMakeFiles/fw.dir/C_/RP2040/pico-sdk/src/rp2_common/pico_stdio/stdio.c.obj
                0x1000391c                __wrap_vprintf
 .text.__wrap_printf
                0x10003960       0x18 CMakeFiles/fw.dir/C_/RP2040/pico-sdk/src/rp2_common/pico_stdio/stdio.c.obj
                0x10003960                __wrap_printf
 .text.stdio_init_all
                0x10003978        0x8 CMakeFiles/fw.dir/C_/RP2040/pico-sdk/src/rp2_common/pico_stdio/stdio.c.obj
                0x10003978                stdio_init_all
 .text.uart_putc
                0x10003980       0x60 CMakeFiles/fw.dir/C_/RP2040/pico-sdk/src/rp2_common/pico_stdio_uart/stdio_uart.c.obj
 .text.uart_getc
                0x100039e0       0x24 CMakeFiles/fw.dir/C_/RP2040/pico-sdk/src/rp2_common/pico_stdio_uart/stdio_uart.c.obj
 .text.stdio_uart_out_chars
                0x10003a04       0x20 CMakeFiles/fw.dir/C_/RP2040/pico-sdk/src/rp2_common/pico_stdio_uart/stdio_uart.c.obj
 .text.stdio_uart_in_chars
                0x10003a24       0x34 CMakeFiles/fw.dir/C_/RP2040/pico-sdk/src/rp2_common/pico_stdio_uart/stdio_uart.c.obj
                0x10003a24                stdio_uart_in_chars
 .text.stdio_uart_init_full
                0x10003a58       0x3c CMakeFiles/fw.dir/C_/RP2040/pico-sdk/src/rp2_common/pico_stdio_uart/stdio_uart.c.obj
                0x10003a58                stdio_uart_init_full
 .text.stdio_uart_init
                0x10003a94       0x28 CMakeFiles/fw.dir/C_/RP2040/pico-sdk/src/rp2_common/pico_stdio_uart/stdio_uart.c.obj
                0x10003a94                stdio_uart_init
 .text.spi_set_baudrate
                0x10003abc       0x92 CMakeFiles/fw.dir/C_/RP2040/pico-sdk/src/rp2_common/hardware_spi/spi.c.obj
                0x10003abc                spi_set_baudrate
 *fill*         0x10003b4e        0x2 
 .text.spi_init
                0x10003b50       0x68 CMakeFiles/fw.dir/C_/RP2040/pico-sdk/src/rp2_common/hardware_spi/spi.c.obj
                0x10003b50                spi_init
 .text.i2c_set_baudrate
                0x10003bb8       0xf0 CMakeFiles/fw.dir/C_/RP2040/pico-sdk/src/rp2_common/hardware_i2c/i2c.c.obj
                0x10003bb8                i2c_set_baudrate
 .text.i2c_init
                0x10003ca8       0x58 CMakeFiles/fw.dir/C_/RP2040/pico-sdk/src/rp2_common/hardware_i2c/i2c.c.obj
                0x10003ca8                i2c_init
 .text._retrieve_unique_id_on_boot
                0x10003d00       0x10 CMakeFiles/fw.dir/C_/RP2040/pico-sdk/src/rp2_common/pico_unique_id/unique_id.c.obj
 .text.flash_get_unique_id
                0x10003d10       0x46 CMakeFiles/fw.dir/C_/RP2040/pico-sdk/src/rp2_common/hardware_flash/flash.c.obj
                0x10003d10                flash_get_unique_id
 *fill*         0x10003d56        0x2 
 .text.strlen   0x10003d58       0x5c c:/gcc_arm/12dbab~1.2re/bin/../lib/gcc/arm-none-eabi/12.2.1/thumb/v6-m/nofp\libg.a(libc_a-strlen-stub.o)
                0x10003d58                strlen
 *(.fini)
 .fini          0x10003db4        0x4 c:/gcc_arm/12dbab~1.2re/bin/../lib/gcc/arm-none-eabi/12.2.1/thumb/v6-m/nofp/crti.o
                0x10003db4                _fini
 .fini.__stub   0x10003db8       0x60 linker stubs
 *crtbegin.o(.ctors)
 *crtbegin?.o(.ctors)
 *(EXCLUDE_FILE(*crtend.o *crtend?.o) .ctors)
 *(SORT_BY_NAME(.ctors.*))
 *(.ctors)
 *crtbegin.o(.dtors)
 *crtbegin?.o(.dtors)
 *(EXCLUDE_FILE(*crtend.o *crtend?.o) .dtors)
 *(SORT_BY_NAME(.dtors.*))
 *(.dtors)
 *(.eh_frame*)
 .eh_frame      0x10003e18        0x0 c:/gcc_arm/12dbab~1.2re/bin/../lib/gcc/arm-none-eabi/12.2.1/thumb/v6-m/nofp/crtbegin.o
                0x10003e18                . = ALIGN (0x4)

.glue_7         0x10003e18        0x0
 .glue_7        0x10003e18        0x0 linker stubs

.glue_7t        0x10003e18        0x0
 .glue_7t       0x10003e18        0x0 linker stubs

.vfp11_veneer   0x10003e18        0x0
 .vfp11_veneer  0x10003e18        0x0 linker stubs

.v4_bx          0x10003e18        0x0
 .v4_bx         0x10003e18        0x0 linker stubs

.iplt           0x10003e18        0x0
 .iplt          0x10003e18        0x0 c:/gcc_arm/12dbab~1.2re/bin/../lib/gcc/arm-none-eabi/12.2.1/thumb/v6-m/nofp/crtbegin.o

.rodata         0x10003e18      0xf2c
 *(EXCLUDE_FILE(*libm.a: *libc.a:*lib_a-mem*.o *libgcc.a:) .rodata*)
 .rodata._ZL20update_us_since_bootP15absolute_time_ty.str1.4
                0x10003e18       0x91 CMakeFiles/fw.dir/fw.cpp.obj
 *fill*         0x10003ea9        0x3 
 .rodata.main.str1.4
                0x10003eac        0xe CMakeFiles/fw.dir/fw.cpp.obj
 *fill*         0x10003eba        0x2 
 .rodata.resolve_branch.str1.4
                0x10003ebc       0x4d CMakeFiles/fw.dir/C_/RP2040/pico-sdk/src/rp2_common/hardware_irq/irq.c.obj
 *fill*         0x10003f09        0x3 
 .rodata.make_branch.str1.4
                0x10003f0c       0x30 CMakeFiles/fw.dir/C_/RP2040/pico-sdk/src/rp2_common/hardware_irq/irq.c.obj
 .rodata.insert_branch_and_link.str1.4
                0x10003f3c       0x10 CMakeFiles/fw.dir/C_/RP2040/pico-sdk/src/rp2_common/hardware_irq/irq.c.obj
 .rodata.irq_set_exclusive_handler.str1.4
                0x10003f4c       0x36 CMakeFiles/fw.dir/C_/RP2040/pico-sdk/src/rp2_common/hardware_irq/irq.c.obj
 *fill*         0x10003f82        0x2 
 .rodata.irq_remove_handler.str1.4
                0x10003f84       0x2a CMakeFiles/fw.dir/C_/RP2040/pico-sdk/src/rp2_common/hardware_irq/irq.c.obj
 *fill*         0x10003fae        0x2 
 .rodata.irq_add_tail_to_free_list.str1.4
                0x10003fb0       0x3a CMakeFiles/fw.dir/C_/RP2040/pico-sdk/src/rp2_common/hardware_irq/irq.c.obj
 *fill*         0x10003fea        0x2 
 .rodata.__func__.0
                0x10003fec       0x1a CMakeFiles/fw.dir/C_/RP2040/pico-sdk/src/rp2_common/hardware_irq/irq.c.obj
 *fill*         0x10004006        0x2 
 .rodata.__func__.1
                0x10004008       0x17 CMakeFiles/fw.dir/C_/RP2040/pico-sdk/src/rp2_common/hardware_irq/irq.c.obj
 *fill*         0x1000401f        0x1 
 .rodata.__func__.2
                0x10004020       0x13 CMakeFiles/fw.dir/C_/RP2040/pico-sdk/src/rp2_common/hardware_irq/irq.c.obj
 *fill*         0x10004033        0x1 
 .rodata.__func__.3
                0x10004034        0xc CMakeFiles/fw.dir/C_/RP2040/pico-sdk/src/rp2_common/hardware_irq/irq.c.obj
 .rodata.__func__.4
                0x10004040        0xf CMakeFiles/fw.dir/C_/RP2040/pico-sdk/src/rp2_common/hardware_irq/irq.c.obj
 *fill*         0x1000404f        0x1 
 .rodata.__func__.6
                0x10004050       0x1a CMakeFiles/fw.dir/C_/RP2040/pico-sdk/src/rp2_common/hardware_irq/irq.c.obj
 *fill*         0x1000406a        0x2 
 .rodata.get_entry.str1.4
                0x1000406c       0x53 CMakeFiles/fw.dir/C_/RP2040/pico-sdk/src/common/pico_time/time.c.obj
 .rodata.update_us_since_boot.str1.4
                0x100040bf       0x59 CMakeFiles/fw.dir/C_/RP2040/pico-sdk/src/common/pico_time/time.c.obj
 *fill*         0x100040bf        0x1 
 .rodata.ph_get_node.str1.4
                0x100040c0       0x5e CMakeFiles/fw.dir/C_/RP2040/pico-sdk/src/common/pico_time/time.c.obj
 *fill*         0x1000411e        0x2 
 .rodata.ph_add_child_node.str1.4
                0x10004120       0x2e CMakeFiles/fw.dir/C_/RP2040/pico-sdk/src/common/pico_time/time.c.obj
 *fill*         0x1000414e        0x2 
 .rodata.ph_insert_node.str1.4
                0x10004150        0x3 CMakeFiles/fw.dir/C_/RP2040/pico-sdk/src/common/pico_time/time.c.obj
 *fill*         0x10004153        0x1 
 .rodata.ph_free_node.str1.4
                0x10004154       0x22 CMakeFiles/fw.dir/C_/RP2040/pico-sdk/src/common/pico_time/time.c.obj
 *fill*         0x10004176        0x2 
 .rodata.add_alarm_under_lock.str1.4
                0x10004178       0x28 CMakeFiles/fw.dir/C_/RP2040/pico-sdk/src/common/pico_time/time.c.obj
 .rodata.alarm_pool_alarm_callback.str1.4
                0x100041a0       0x60 CMakeFiles/fw.dir/C_/RP2040/pico-sdk/src/common/pico_time/time.c.obj
 .rodata.alarm_pool_get_default.str1.4
                0x10004200       0x21 CMakeFiles/fw.dir/C_/RP2040/pico-sdk/src/common/pico_time/time.c.obj
 *fill*         0x10004221        0x3 
 .rodata.__func__.3
                0x10004224       0x17 CMakeFiles/fw.dir/C_/RP2040/pico-sdk/src/common/pico_time/time.c.obj
 *fill*         0x1000423b        0x1 
 .rodata.__func__.4
                0x1000423c       0x12 CMakeFiles/fw.dir/C_/RP2040/pico-sdk/src/common/pico_time/time.c.obj
 *fill*         0x1000424e        0x2 
 .rodata.__func__.5
                0x10004250        0xd CMakeFiles/fw.dir/C_/RP2040/pico-sdk/src/common/pico_time/time.c.obj
 *fill*         0x1000425d        0x3 
 .rodata.__func__.6
                0x10004260       0x12 CMakeFiles/fw.dir/C_/RP2040/pico-sdk/src/common/pico_time/time.c.obj
 *fill*         0x10004272        0x2 
 .rodata.__func__.7
                0x10004274        0xf CMakeFiles/fw.dir/C_/RP2040/pico-sdk/src/common/pico_time/time.c.obj
 *fill*         0x10004283        0x1 
 .rodata.__func__.8
                0x10004284        0xc CMakeFiles/fw.dir/C_/RP2040/pico-sdk/src/common/pico_time/time.c.obj
 .rodata.__func__.9
                0x10004290       0x15 CMakeFiles/fw.dir/C_/RP2040/pico-sdk/src/common/pico_time/time.c.obj
 *fill*         0x100042a5        0x3 
 .rodata.__func__.10
                0x100042a8       0x15 CMakeFiles/fw.dir/C_/RP2040/pico-sdk/src/common/pico_time/time.c.obj
 *fill*         0x100042bd        0x3 
 .rodata.__func__.11
                0x100042c0       0x1a CMakeFiles/fw.dir/C_/RP2040/pico-sdk/src/common/pico_time/time.c.obj
 *fill*         0x100042da        0x2 
 .rodata.__func__.12
                0x100042dc        0xa CMakeFiles/fw.dir/C_/RP2040/pico-sdk/src/common/pico_time/time.c.obj
 *fill*         0x100042e6        0x2 
 .rodata.hardware_alarm_claim.str1.4
                0x100042e8       0x22 CMakeFiles/fw.dir/C_/RP2040/pico-sdk/src/rp2_common/hardware_timer/timer.c.obj
 *fill*         0x1000430a        0x2 
 .rodata.hardware_alarm_set_target.str1.4
                0x1000430c       0x5d CMakeFiles/fw.dir/C_/RP2040/pico-sdk/src/rp2_common/hardware_timer/timer.c.obj
 *fill*         0x10004369        0x3 
 .rodata.__func__.0
                0x1000436c       0x1a CMakeFiles/fw.dir/C_/RP2040/pico-sdk/src/rp2_common/hardware_timer/timer.c.obj
 .rodata.ph_get_node.str1.4
                0x10004386       0x5e CMakeFiles/fw.dir/C_/RP2040/pico-sdk/src/common/pico_util/pheap.c.obj
 .rodata.ph_add_child_node.str1.4
                0x10004386       0x2e CMakeFiles/fw.dir/C_/RP2040/pico-sdk/src/common/pico_util/pheap.c.obj
 *fill*         0x10004386        0x2 
 .rodata.ph_remove_any_head.str1.4
                0x10004388       0x84 CMakeFiles/fw.dir/C_/RP2040/pico-sdk/src/common/pico_util/pheap.c.obj
 .rodata.ph_remove_and_free_node.str1.4
                0x1000440c       0x1e CMakeFiles/fw.dir/C_/RP2040/pico-sdk/src/common/pico_util/pheap.c.obj
                                 0x26 (size before relaxing)
 *fill*         0x1000442a        0x2 
 .rodata.__func__.0
                0x1000442c       0x18 CMakeFiles/fw.dir/C_/RP2040/pico-sdk/src/common/pico_util/pheap.c.obj
 .rodata.__func__.1
                0x10004444       0x13 CMakeFiles/fw.dir/C_/RP2040/pico-sdk/src/common/pico_util/pheap.c.obj
 *fill*         0x10004457        0x1 
 .rodata.__func__.2
                0x10004458       0x12 CMakeFiles/fw.dir/C_/RP2040/pico-sdk/src/common/pico_util/pheap.c.obj
 *fill*         0x1000446a        0x2 
 .rodata.__func__.3
                0x1000446c        0xc CMakeFiles/fw.dir/C_/RP2040/pico-sdk/src/common/pico_util/pheap.c.obj
 .rodata.str1.4
                0x10004478       0x81 CMakeFiles/fw.dir/C_/RP2040/pico-sdk/src/common/pico_sync/mutex.c.obj
 *fill*         0x100044f9        0x3 
 .rodata.__func__.1
                0x100044fc        0xb CMakeFiles/fw.dir/C_/RP2040/pico-sdk/src/common/pico_sync/mutex.c.obj
 *fill*         0x10004507        0x1 
 .rodata.__assert_func.str1.4
                0x10004508       0x3f CMakeFiles/fw.dir/C_/RP2040/pico-sdk/src/rp2_common/pico_runtime/runtime.c.obj
                                 0x43 (size before relaxing)
 *fill*         0x10004547        0x1 
 .rodata.runtime_init.str1.4
                0x10004548       0x59 CMakeFiles/fw.dir/C_/RP2040/pico-sdk/src/rp2_common/pico_runtime/runtime.c.obj
 *fill*         0x100045a1        0x3 
 .rodata.panic.str1.4
                0x100045a4       0x12 CMakeFiles/fw.dir/C_/RP2040/pico-sdk/src/rp2_common/pico_runtime/runtime.c.obj
 *fill*         0x100045b6        0x2 
 .rodata.__func__.1
                0x100045b8        0xd CMakeFiles/fw.dir/C_/RP2040/pico-sdk/src/rp2_common/pico_runtime/runtime.c.obj
 *fill*         0x100045c5        0x3 
 .rodata.clock_configure.str1.4
                0x100045c8       0x4f CMakeFiles/fw.dir/C_/RP2040/pico-sdk/src/rp2_common/hardware_clocks/clocks.c.obj
 *fill*         0x10004617        0x1 
 .rodata.__func__.1
                0x10004618       0x10 CMakeFiles/fw.dir/C_/RP2040/pico-sdk/src/rp2_common/hardware_clocks/clocks.c.obj
 .rodata.pll_init.str1.4
                0x10004628      0x133 CMakeFiles/fw.dir/C_/RP2040/pico-sdk/src/rp2_common/hardware_pll/pll.c.obj
 *fill*         0x1000475b        0x1 
 .rodata.__func__.0
                0x1000475c        0x9 CMakeFiles/fw.dir/C_/RP2040/pico-sdk/src/rp2_common/hardware_pll/pll.c.obj
 *fill*         0x10004765        0x3 
 .rodata._ftoa.str1.4
                0x10004768       0x15 CMakeFiles/fw.dir/C_/RP2040/pico-sdk/src/rp2_common/pico_printf/printf.c.obj
 *fill*         0x1000477d        0x3 
 .rodata._vsnprintf
                0x10004780      0x19c CMakeFiles/fw.dir/C_/RP2040/pico-sdk/src/rp2_common/pico_printf/printf.c.obj
 *fill*         0x1000491c        0x4 
 .rodata.pow10.0
                0x10004920       0x50 CMakeFiles/fw.dir/C_/RP2040/pico-sdk/src/rp2_common/pico_printf/printf.c.obj
 .rodata.missing_double_func_shim.str1.4
                0x10004970       0x18 CMakeFiles/fw.dir/C_/RP2040/pico-sdk/src/rp2_common/pico_double/double_init_rom.c.obj
 .rodata.__aeabi_double_init.str1.4
                0x10004988       0xa0 CMakeFiles/fw.dir/C_/RP2040/pico-sdk/src/rp2_common/pico_double/double_init_rom.c.obj
 .rodata.__func__.0
                0x10004a28       0x14 CMakeFiles/fw.dir/C_/RP2040/pico-sdk/src/rp2_common/pico_double/double_init_rom.c.obj
 .rodata.missing_float_func_shim.str1.4
                0x10004a3c        0x1 CMakeFiles/fw.dir/C_/RP2040/pico-sdk/src/rp2_common/pico_float/float_init_rom.c.obj
 .rodata.__aeabi_float_init.str1.4
                0x10004a3c       0x72 CMakeFiles/fw.dir/C_/RP2040/pico-sdk/src/rp2_common/pico_float/float_init_rom.c.obj
 *fill*         0x10004aae        0x2 
 .rodata.__func__.0
                0x10004ab0       0x13 CMakeFiles/fw.dir/C_/RP2040/pico-sdk/src/rp2_common/pico_float/float_init_rom.c.obj
 *fill*         0x10004ac3        0x1 
 .rodata.str1.4
                0x10004ac4       0x3c CMakeFiles/fw.dir/C_/RP2040/pico-sdk/src/rp2_common/pico_standard_link/binary_info.c.obj
 .rodata.__bi_81
                0x10004b00        0xc CMakeFiles/fw.dir/C_/RP2040/pico-sdk/src/rp2_common/pico_standard_link/binary_info.c.obj
 .rodata.__bi_75
                0x10004b0c        0xc CMakeFiles/fw.dir/C_/RP2040/pico-sdk/src/rp2_common/pico_standard_link/binary_info.c.obj
 .rodata.__bi_56
                0x10004b18        0xc CMakeFiles/fw.dir/C_/RP2040/pico-sdk/src/rp2_common/pico_standard_link/binary_info.c.obj
 .rodata.__bi_44
                0x10004b24        0xc CMakeFiles/fw.dir/C_/RP2040/pico-sdk/src/rp2_common/pico_standard_link/binary_info.c.obj
 .rodata.crlf_str.3
                0x10004b30        0x2 CMakeFiles/fw.dir/C_/RP2040/pico-sdk/src/rp2_common/pico_stdio/stdio.c.obj
 *fill*         0x10004b32        0x2 
 .rodata.str1.4
                0x10004b34       0x2c CMakeFiles/fw.dir/C_/RP2040/pico-sdk/src/rp2_common/pico_stdio_uart/stdio_uart.c.obj
 .rodata.__bi_28.4
                0x10004b60        0xc CMakeFiles/fw.dir/C_/RP2040/pico-sdk/src/rp2_common/pico_stdio_uart/stdio_uart.c.obj
 .rodata.__bi_29.5
                0x10004b6c        0x8 CMakeFiles/fw.dir/C_/RP2040/pico-sdk/src/rp2_common/pico_stdio_uart/stdio_uart.c.obj
 .rodata.i2c_set_baudrate.str1.4
                0x10004b74       0x55 CMakeFiles/fw.dir/C_/RP2040/pico-sdk/src/rp2_common/hardware_i2c/i2c.c.obj
 *fill*         0x10004bc9        0x3 
 .rodata.__func__.0
                0x10004bcc       0x11 CMakeFiles/fw.dir/C_/RP2040/pico-sdk/src/rp2_common/hardware_i2c/i2c.c.obj
 *fill*         0x10004bdd        0x3 
 .rodata.str1.4
                0x10004be0      0x152 CMakeFiles/fw.dir/C_/RP2040/pico-sdk/src/rp2_common/hardware_flash/flash.c.obj
 *fill*         0x10004d32        0x2 
 .rodata.__func__.0
                0x10004d34        0xd CMakeFiles/fw.dir/C_/RP2040/pico-sdk/src/rp2_common/hardware_flash/flash.c.obj
                0x10004d44                . = ALIGN (0x4)
 *fill*         0x10004d41        0x3 
 *(SORT_BY_ALIGNMENT(SORT_BY_NAME(.flashdata*)))
                0x10004d44                . = ALIGN (0x4)

.ARM.extab      0x10004d44       0x3c
 *(.ARM.extab* .gnu.linkonce.armextab.*)
 .ARM.extab.text.alarm_pool_add_alarm_in_ms
                0x10004d44        0xc CMakeFiles/fw.dir/fw.cpp.obj
 .ARM.extab.text.unwind_phase2_forced
                0x10004d50        0xc c:/gcc_arm/12dbab~1.2re/bin/../lib/gcc/arm-none-eabi/12.2.1/thumb/v6-m/nofp\libgcc.a(unwind-arm.o)
 .ARM.extab.text.__gnu_unwind_pr_common
                0x10004d5c        0xc c:/gcc_arm/12dbab~1.2re/bin/../lib/gcc/arm-none-eabi/12.2.1/thumb/v6-m/nofp\libgcc.a(unwind-arm.o)
 .ARM.extab.text._Unwind_VRS_Pop
                0x10004d68        0xc c:/gcc_arm/12dbab~1.2re/bin/../lib/gcc/arm-none-eabi/12.2.1/thumb/v6-m/nofp\libgcc.a(unwind-arm.o)
 .ARM.extab.text.__gnu_unwind_execute
                0x10004d74        0xc c:/gcc_arm/12dbab~1.2re/bin/../lib/gcc/arm-none-eabi/12.2.1/thumb/v6-m/nofp\libgcc.a(pr-support.o)
                0x10004d80                __exidx_start = .

.ARM.exidx      0x10004d80       0xc0
 *(.ARM.exidx* .gnu.linkonce.armexidx.*)
 .ARM.exidx.text._Z14alarm_callbacklPv
                0x10004d80        0x8 CMakeFiles/fw.dir/fw.cpp.obj
 .ARM.exidx.text._ZL20update_us_since_bootP15absolute_time_ty
                0x10004d88        0x8 CMakeFiles/fw.dir/fw.cpp.obj
 .ARM.exidx.text.get_absolute_time
                0x10004d90        0x0 CMakeFiles/fw.dir/fw.cpp.obj
                                  0x8 (size before relaxing)
 .ARM.exidx.text.delayed_by_ms
                0x10004d90        0x8 CMakeFiles/fw.dir/fw.cpp.obj
 .ARM.exidx.text.alarm_pool_add_alarm_in_ms
                0x10004d98        0x8 CMakeFiles/fw.dir/fw.cpp.obj
 .ARM.exidx.text.add_alarm_in_ms
                0x10004da0        0x8 CMakeFiles/fw.dir/fw.cpp.obj
 .ARM.exidx.text.main
                0x10004da8       0x10 CMakeFiles/fw.dir/fw.cpp.obj
                                  0x8 (size before relaxing)
 .ARM.exidx.text.selfrel_offset31
                0x10004db8        0x0 c:/gcc_arm/12dbab~1.2re/bin/../lib/gcc/arm-none-eabi/12.2.1/thumb/v6-m/nofp\libgcc.a(unwind-arm.o)
                                  0x8 (size before relaxing)
 .ARM.exidx.text.search_EIT_table
                0x10004db8        0x0 c:/gcc_arm/12dbab~1.2re/bin/../lib/gcc/arm-none-eabi/12.2.1/thumb/v6-m/nofp\libgcc.a(unwind-arm.o)
                                  0x8 (size before relaxing)
 .ARM.exidx.text.__gnu_unwind_get_pr_addr
                0x10004db8        0x0 c:/gcc_arm/12dbab~1.2re/bin/../lib/gcc/arm-none-eabi/12.2.1/thumb/v6-m/nofp\libgcc.a(unwind-arm.o)
                                  0x8 (size before relaxing)
 .ARM.exidx.text.get_eit_entry
                0x10004db8        0x8 c:/gcc_arm/12dbab~1.2re/bin/../lib/gcc/arm-none-eabi/12.2.1/thumb/v6-m/nofp\libgcc.a(unwind-arm.o)
 .ARM.exidx.text.restore_non_core_regs
                0x10004dc0        0x8 c:/gcc_arm/12dbab~1.2re/bin/../lib/gcc/arm-none-eabi/12.2.1/thumb/v6-m/nofp\libgcc.a(unwind-arm.o)
 .ARM.exidx.text._Unwind_decode_typeinfo_ptr.constprop.0
                0x10004dc8        0x8 c:/gcc_arm/12dbab~1.2re/bin/../lib/gcc/arm-none-eabi/12.2.1/thumb/v6-m/nofp\libgcc.a(unwind-arm.o)
 .ARM.exidx.text._Unwind_DebugHook
                0x10004dd0        0x0 c:/gcc_arm/12dbab~1.2re/bin/../lib/gcc/arm-none-eabi/12.2.1/thumb/v6-m/nofp\libgcc.a(unwind-arm.o)
                                  0x8 (size before relaxing)
 .ARM.exidx.text.unwind_phase2
                0x10004dd0        0x8 c:/gcc_arm/12dbab~1.2re/bin/../lib/gcc/arm-none-eabi/12.2.1/thumb/v6-m/nofp\libgcc.a(unwind-arm.o)
 .ARM.exidx.text.unwind_phase2_forced
                0x10004dd8        0x8 c:/gcc_arm/12dbab~1.2re/bin/../lib/gcc/arm-none-eabi/12.2.1/thumb/v6-m/nofp\libgcc.a(unwind-arm.o)
 .ARM.exidx.text.__gnu_Unwind_RaiseException
                0x10004de0        0x8 c:/gcc_arm/12dbab~1.2re/bin/../lib/gcc/arm-none-eabi/12.2.1/thumb/v6-m/nofp\libgcc.a(unwind-arm.o)
 .ARM.exidx.text.__gnu_Unwind_ForcedUnwind
                0x10004de8        0x8 c:/gcc_arm/12dbab~1.2re/bin/../lib/gcc/arm-none-eabi/12.2.1/thumb/v6-m/nofp\libgcc.a(unwind-arm.o)
 .ARM.exidx.text.__gnu_Unwind_Resume
                0x10004df0        0x8 c:/gcc_arm/12dbab~1.2re/bin/../lib/gcc/arm-none-eabi/12.2.1/thumb/v6-m/nofp\libgcc.a(unwind-arm.o)
 .ARM.exidx.text.__gnu_Unwind_Resume_or_Rethrow
                0x10004df8        0x8 c:/gcc_arm/12dbab~1.2re/bin/../lib/gcc/arm-none-eabi/12.2.1/thumb/v6-m/nofp\libgcc.a(unwind-arm.o)
 .ARM.exidx.text._Unwind_VRS_Get
                0x10004e00        0x8 c:/gcc_arm/12dbab~1.2re/bin/../lib/gcc/arm-none-eabi/12.2.1/thumb/v6-m/nofp\libgcc.a(unwind-arm.o)
 .ARM.exidx.text._Unwind_GetGR
                0x10004e08        0x0 c:/gcc_arm/12dbab~1.2re/bin/../lib/gcc/arm-none-eabi/12.2.1/thumb/v6-m/nofp\libgcc.a(unwind-arm.o)
                                  0x8 (size before relaxing)
 .ARM.exidx.text._Unwind_VRS_Set
                0x10004e08        0x0 c:/gcc_arm/12dbab~1.2re/bin/../lib/gcc/arm-none-eabi/12.2.1/thumb/v6-m/nofp\libgcc.a(unwind-arm.o)
                                  0x8 (size before relaxing)
 .ARM.exidx.text._Unwind_SetGR
                0x10004e08        0x0 c:/gcc_arm/12dbab~1.2re/bin/../lib/gcc/arm-none-eabi/12.2.1/thumb/v6-m/nofp\libgcc.a(unwind-arm.o)
                                  0x8 (size before relaxing)
 .ARM.exidx.text.__gnu_Unwind_Backtrace
                0x10004e08        0x8 c:/gcc_arm/12dbab~1.2re/bin/../lib/gcc/arm-none-eabi/12.2.1/thumb/v6-m/nofp\libgcc.a(unwind-arm.o)
 .ARM.exidx.text.__gnu_unwind_pr_common
                0x10004e10        0x8 c:/gcc_arm/12dbab~1.2re/bin/../lib/gcc/arm-none-eabi/12.2.1/thumb/v6-m/nofp\libgcc.a(unwind-arm.o)
 .ARM.exidx.text.__aeabi_unwind_cpp_pr0
                0x10004e18        0x8 c:/gcc_arm/12dbab~1.2re/bin/../lib/gcc/arm-none-eabi/12.2.1/thumb/v6-m/nofp\libgcc.a(unwind-arm.o)
 .ARM.exidx.text.__aeabi_unwind_cpp_pr1
                0x10004e20        0x0 c:/gcc_arm/12dbab~1.2re/bin/../lib/gcc/arm-none-eabi/12.2.1/thumb/v6-m/nofp\libgcc.a(unwind-arm.o)
                                  0x8 (size before relaxing)
 .ARM.exidx.text.__aeabi_unwind_cpp_pr2
                0x10004e20        0x0 c:/gcc_arm/12dbab~1.2re/bin/../lib/gcc/arm-none-eabi/12.2.1/thumb/v6-m/nofp\libgcc.a(unwind-arm.o)
                                  0x8 (size before relaxing)
 .ARM.exidx.text._Unwind_VRS_Pop
                0x10004e20       0x10 c:/gcc_arm/12dbab~1.2re/bin/../lib/gcc/arm-none-eabi/12.2.1/thumb/v6-m/nofp\libgcc.a(unwind-arm.o)
                                  0x8 (size before relaxing)
 .ARM.exidx.text.next_unwind_byte
                0x10004e30        0x0 c:/gcc_arm/12dbab~1.2re/bin/../lib/gcc/arm-none-eabi/12.2.1/thumb/v6-m/nofp\libgcc.a(pr-support.o)
                                  0x8 (size before relaxing)
 .ARM.exidx.text.__gnu_unwind_execute
                0x10004e30       0x10 c:/gcc_arm/12dbab~1.2re/bin/../lib/gcc/arm-none-eabi/12.2.1/thumb/v6-m/nofp\libgcc.a(pr-support.o)
                                  0x8 (size before relaxing)
                0x10004e40                __exidx_end = .

.rel.dyn        0x10004e40        0x0
 .rel.iplt      0x10004e40        0x0 c:/gcc_arm/12dbab~1.2re/bin/../lib/gcc/arm-none-eabi/12.2.1/thumb/v6-m/nofp/crtbegin.o
                0x10004e40                . = ALIGN (0x4)
                0x10004e40                __binary_info_start = .

.binary_info    0x10004e40       0x28
 *(.binary_info.keep.*)
 .binary_info.keep.__bi_ptr81
                0x10004e40        0x4 CMakeFiles/fw.dir/C_/RP2040/pico-sdk/src/rp2_common/pico_standard_link/binary_info.c.obj
 .binary_info.keep.__bi_ptr75
                0x10004e44        0x4 CMakeFiles/fw.dir/C_/RP2040/pico-sdk/src/rp2_common/pico_standard_link/binary_info.c.obj
 .binary_info.keep.__bi_ptr56
                0x10004e48        0x4 CMakeFiles/fw.dir/C_/RP2040/pico-sdk/src/rp2_common/pico_standard_link/binary_info.c.obj
 .binary_info.keep.__bi_ptr50
                0x10004e4c        0x4 CMakeFiles/fw.dir/C_/RP2040/pico-sdk/src/rp2_common/pico_standard_link/binary_info.c.obj
 .binary_info.keep.__bi_ptr44
                0x10004e50        0x4 CMakeFiles/fw.dir/C_/RP2040/pico-sdk/src/rp2_common/pico_standard_link/binary_info.c.obj
 .binary_info.keep.__bi_ptr38
                0x10004e54        0x4 CMakeFiles/fw.dir/C_/RP2040/pico-sdk/src/rp2_common/pico_standard_link/binary_info.c.obj
 .binary_info.keep.__bi_ptr30
                0x10004e58        0x4 CMakeFiles/fw.dir/C_/RP2040/pico-sdk/src/rp2_common/pico_standard_link/binary_info.c.obj
 .binary_info.keep.__bi_ptr22
                0x10004e5c        0x4 CMakeFiles/fw.dir/C_/RP2040/pico-sdk/src/rp2_common/pico_standard_link/binary_info.c.obj
 *(.binary_info.*)
 .binary_info.__bi_ptr29
                0x10004e60        0x4 CMakeFiles/fw.dir/C_/RP2040/pico-sdk/src/rp2_common/pico_stdio_uart/stdio_uart.c.obj
 .binary_info.__bi_ptr28
                0x10004e64        0x4 CMakeFiles/fw.dir/C_/RP2040/pico-sdk/src/rp2_common/pico_stdio_uart/stdio_uart.c.obj
                0x10004e68                __binary_info_end = .
                0x10004e68                . = ALIGN (0x4)
                0x10004e68                __etext = .

.ram_vector_table
                0x20000000       0xc0
 *(.ram_vector_table)
 .ram_vector_table
                0x20000000       0xc0 CMakeFiles/fw.dir/C_/RP2040/pico-sdk/src/rp2_common/pico_runtime/runtime.c.obj
                0x20000000                ram_vector_table

.data           0x200000c0     0x117c load address 0x10004e68
                0x200000c0                __data_start__ = .
 *(vtable)
 *(.time_critical*)
 .time_critical.mutex_enter_blocking
                0x200000c0       0x48 CMakeFiles/fw.dir/C_/RP2040/pico-sdk/src/common/pico_sync/mutex.c.obj
                0x200000c0                mutex_enter_blocking
 .time_critical.mutex_try_enter
                0x20000108       0x46 CMakeFiles/fw.dir/C_/RP2040/pico-sdk/src/common/pico_sync/mutex.c.obj
                0x20000108                mutex_try_enter
 *fill*         0x2000014e        0x2 
 .time_critical.mutex_exit
                0x20000150       0x4c CMakeFiles/fw.dir/C_/RP2040/pico-sdk/src/common/pico_sync/mutex.c.obj
                0x20000150                mutex_exit
 .time_critical.flash_init_boot2_copyout
                0x2000019c       0x30 CMakeFiles/fw.dir/C_/RP2040/pico-sdk/src/rp2_common/hardware_flash/flash.c.obj
 .time_critical.flash_enable_xip_via_boot2
                0x200001cc        0xc CMakeFiles/fw.dir/C_/RP2040/pico-sdk/src/rp2_common/hardware_flash/flash.c.obj
 .time_critical.flash_cs_force
                0x200001d8       0x28 CMakeFiles/fw.dir/C_/RP2040/pico-sdk/src/rp2_common/hardware_flash/flash.c.obj
 .time_critical.flash_do_cmd
                0x20000200       0xd8 CMakeFiles/fw.dir/C_/RP2040/pico-sdk/src/rp2_common/hardware_flash/flash.c.obj
                0x20000200                flash_do_cmd
 *(.text*)
 .text          0x200002d8        0x4 c:/gcc_arm/12dbab~1.2re/bin/../lib/gcc/arm-none-eabi/12.2.1/thumb/v6-m/nofp\libgcc.a(_dvmd_tls.o)
                0x200002d8                __aeabi_idiv0
                0x200002d8                __aeabi_ldiv0
 .text.selfrel_offset31
                0x200002dc       0x18 c:/gcc_arm/12dbab~1.2re/bin/../lib/gcc/arm-none-eabi/12.2.1/thumb/v6-m/nofp\libgcc.a(unwind-arm.o)
 .text.search_EIT_table
                0x200002f4       0x70 c:/gcc_arm/12dbab~1.2re/bin/../lib/gcc/arm-none-eabi/12.2.1/thumb/v6-m/nofp\libgcc.a(unwind-arm.o)
 .text.__gnu_unwind_get_pr_addr
                0x20000364       0x2c c:/gcc_arm/12dbab~1.2re/bin/../lib/gcc/arm-none-eabi/12.2.1/thumb/v6-m/nofp\libgcc.a(unwind-arm.o)
 .text.get_eit_entry
                0x20000390       0x90 c:/gcc_arm/12dbab~1.2re/bin/../lib/gcc/arm-none-eabi/12.2.1/thumb/v6-m/nofp\libgcc.a(unwind-arm.o)
 .text.restore_non_core_regs
                0x20000420       0x5c c:/gcc_arm/12dbab~1.2re/bin/../lib/gcc/arm-none-eabi/12.2.1/thumb/v6-m/nofp\libgcc.a(unwind-arm.o)
 .text._Unwind_decode_typeinfo_ptr.constprop.0
                0x2000047c        0xc c:/gcc_arm/12dbab~1.2re/bin/../lib/gcc/arm-none-eabi/12.2.1/thumb/v6-m/nofp\libgcc.a(unwind-arm.o)
 .text._Unwind_DebugHook
                0x20000488        0x4 c:/gcc_arm/12dbab~1.2re/bin/../lib/gcc/arm-none-eabi/12.2.1/thumb/v6-m/nofp\libgcc.a(unwind-arm.o)
 .text.unwind_phase2
                0x2000048c       0x38 c:/gcc_arm/12dbab~1.2re/bin/../lib/gcc/arm-none-eabi/12.2.1/thumb/v6-m/nofp\libgcc.a(unwind-arm.o)
 .text.unwind_phase2_forced
                0x200004c4       0xc8 c:/gcc_arm/12dbab~1.2re/bin/../lib/gcc/arm-none-eabi/12.2.1/thumb/v6-m/nofp\libgcc.a(unwind-arm.o)
 .text.__gnu_Unwind_RaiseException
                0x2000058c       0x50 c:/gcc_arm/12dbab~1.2re/bin/../lib/gcc/arm-none-eabi/12.2.1/thumb/v6-m/nofp\libgcc.a(unwind-arm.o)
                0x2000058c                __gnu_Unwind_RaiseException
 .text.__gnu_Unwind_ForcedUnwind
                0x200005dc       0x14 c:/gcc_arm/12dbab~1.2re/bin/../lib/gcc/arm-none-eabi/12.2.1/thumb/v6-m/nofp\libgcc.a(unwind-arm.o)
                0x200005dc                __gnu_Unwind_ForcedUnwind
 .text.__gnu_Unwind_Resume
                0x200005f0       0x44 c:/gcc_arm/12dbab~1.2re/bin/../lib/gcc/arm-none-eabi/12.2.1/thumb/v6-m/nofp\libgcc.a(unwind-arm.o)
                0x200005f0                __gnu_Unwind_Resume
 .text.__gnu_Unwind_Resume_or_Rethrow
                0x20000634       0x1c c:/gcc_arm/12dbab~1.2re/bin/../lib/gcc/arm-none-eabi/12.2.1/thumb/v6-m/nofp\libgcc.a(unwind-arm.o)
                0x20000634                __gnu_Unwind_Resume_or_Rethrow
 .text._Unwind_VRS_Get
                0x20000650       0x34 c:/gcc_arm/12dbab~1.2re/bin/../lib/gcc/arm-none-eabi/12.2.1/thumb/v6-m/nofp\libgcc.a(unwind-arm.o)
                0x20000650                _Unwind_VRS_Get
 .text._Unwind_GetGR
                0x20000684       0x18 c:/gcc_arm/12dbab~1.2re/bin/../lib/gcc/arm-none-eabi/12.2.1/thumb/v6-m/nofp\libgcc.a(unwind-arm.o)
 .text._Unwind_VRS_Set
                0x2000069c       0x34 c:/gcc_arm/12dbab~1.2re/bin/../lib/gcc/arm-none-eabi/12.2.1/thumb/v6-m/nofp\libgcc.a(unwind-arm.o)
                0x2000069c                _Unwind_VRS_Set
 .text._Unwind_SetGR
                0x200006d0       0x18 c:/gcc_arm/12dbab~1.2re/bin/../lib/gcc/arm-none-eabi/12.2.1/thumb/v6-m/nofp\libgcc.a(unwind-arm.o)
 .text.__gnu_Unwind_Backtrace
                0x200006e8       0x6c c:/gcc_arm/12dbab~1.2re/bin/../lib/gcc/arm-none-eabi/12.2.1/thumb/v6-m/nofp\libgcc.a(unwind-arm.o)
                0x200006e8                __gnu_Unwind_Backtrace
 .text.__gnu_unwind_pr_common
                0x20000754      0x2dc c:/gcc_arm/12dbab~1.2re/bin/../lib/gcc/arm-none-eabi/12.2.1/thumb/v6-m/nofp\libgcc.a(unwind-arm.o)
 .text.__aeabi_unwind_cpp_pr0
                0x20000a30        0xc c:/gcc_arm/12dbab~1.2re/bin/../lib/gcc/arm-none-eabi/12.2.1/thumb/v6-m/nofp\libgcc.a(unwind-arm.o)
                0x20000a30                __aeabi_unwind_cpp_pr0
 .text.__aeabi_unwind_cpp_pr1
                0x20000a3c        0xc c:/gcc_arm/12dbab~1.2re/bin/../lib/gcc/arm-none-eabi/12.2.1/thumb/v6-m/nofp\libgcc.a(unwind-arm.o)
                0x20000a3c                __aeabi_unwind_cpp_pr1
 .text.__aeabi_unwind_cpp_pr2
                0x20000a48        0xc c:/gcc_arm/12dbab~1.2re/bin/../lib/gcc/arm-none-eabi/12.2.1/thumb/v6-m/nofp\libgcc.a(unwind-arm.o)
                0x20000a48                __aeabi_unwind_cpp_pr2
 .text._Unwind_VRS_Pop
                0x20000a54      0x2ac c:/gcc_arm/12dbab~1.2re/bin/../lib/gcc/arm-none-eabi/12.2.1/thumb/v6-m/nofp\libgcc.a(unwind-arm.o)
                0x20000a54                _Unwind_VRS_Pop
 .text          0x20000d00      0x144 c:/gcc_arm/12dbab~1.2re/bin/../lib/gcc/arm-none-eabi/12.2.1/thumb/v6-m/nofp\libgcc.a(libunwind.o)
                0x20000d00                __restore_core_regs
                0x20000d00                restore_core_regs
                0x20000d2c                __gnu_Unwind_Restore_VFP
                0x20000d30                __gnu_Unwind_Save_VFP
                0x20000d34                __gnu_Unwind_Restore_VFP_D
                0x20000d38                __gnu_Unwind_Save_VFP_D
                0x20000d3c                __gnu_Unwind_Restore_VFP_D_16_to_31
                0x20000d40                __gnu_Unwind_Save_VFP_D_16_to_31
                0x20000d44                __gnu_Unwind_Restore_WMMXD
                0x20000d48                __gnu_Unwind_Save_WMMXD
                0x20000d4c                __gnu_Unwind_Restore_WMMXC
                0x20000d50                __gnu_Unwind_Save_WMMXC
                0x20000d54                ___Unwind_RaiseException
                0x20000d54                _Unwind_RaiseException
                0x20000d84                _Unwind_Resume
                0x20000d84                ___Unwind_Resume
                0x20000db4                _Unwind_Resume_or_Rethrow
                0x20000db4                ___Unwind_Resume_or_Rethrow
                0x20000de4                _Unwind_ForcedUnwind
                0x20000de4                ___Unwind_ForcedUnwind
                0x20000e14                ___Unwind_Backtrace
                0x20000e14                _Unwind_Backtrace
 .text.next_unwind_byte
                0x20000e44       0x34 c:/gcc_arm/12dbab~1.2re/bin/../lib/gcc/arm-none-eabi/12.2.1/thumb/v6-m/nofp\libgcc.a(pr-support.o)
 .text.__gnu_unwind_execute
                0x20000e78      0x2cc c:/gcc_arm/12dbab~1.2re/bin/../lib/gcc/arm-none-eabi/12.2.1/thumb/v6-m/nofp\libgcc.a(pr-support.o)
                0x20000e78                __gnu_unwind_execute
 *fill*         0x20001144        0x4 
 .text.__gnu_unwind_execute.__stub
                0x20001148       0x20 linker stubs
                0x20001168                . = ALIGN (0x4)
 *(.rodata*)
                0x20001168                . = ALIGN (0x4)
 *(.data*)
 .data.striped_spin_lock_num
                0x20001168        0x1 CMakeFiles/fw.dir/C_/RP2040/pico-sdk/src/rp2_common/hardware_sync/sync.c.obj
 *fill*         0x20001169        0x3 
 .data          0x2000116c       0x48 CMakeFiles/fw.dir/C_/RP2040/pico-sdk/src/rp2_common/hardware_irq/irq_handler_chain.S.obj
                0x2000116c                irq_handler_chain_slots
                0x2000119c                irq_handler_chain_first_slot
                0x200011a6                irq_handler_chain_remove_tail
 .data.default_alarm_pool
                0x200011b4       0x18 CMakeFiles/fw.dir/C_/RP2040/pico-sdk/src/common/pico_time/time.c.obj
 .data.default_alarm_pool_heap
                0x200011cc       0x10 CMakeFiles/fw.dir/C_/RP2040/pico-sdk/src/common/pico_time/time.c.obj
 *fill*         0x200011dc        0x4 
 .data.aeabi_bits_funcs
                0x200011e0       0x10 CMakeFiles/fw.dir/C_/RP2040/pico-sdk/src/rp2_common/pico_bit_ops/bit_ops_aeabi.S.obj
                0x200011e0                aeabi_bits_funcs
                0x200011f0                aeabi_bits_funcs_end
 .data.aeabi_mem_funcs
                0x200011f0       0x10 CMakeFiles/fw.dir/C_/RP2040/pico-sdk/src/rp2_common/pico_mem_ops/mem_ops_aeabi.S.obj
                0x200011f0                aeabi_mem_funcs
                0x20001200                aeabi_mem_funcs_end
 .data.stdio_uart
                0x20001200       0x14 CMakeFiles/fw.dir/C_/RP2040/pico-sdk/src/rp2_common/pico_stdio_uart/stdio_uart.c.obj
                0x20001200                stdio_uart
 .data.i2c0_inst
                0x20001214        0x8 CMakeFiles/fw.dir/C_/RP2040/pico-sdk/src/rp2_common/hardware_i2c/i2c.c.obj
                0x20001214                i2c0_inst
                0x2000121c                . = ALIGN (0x4)
 *(.after_data.*)
                0x2000121c                . = ALIGN (0x4)
                0x2000121c                PROVIDE (__mutex_array_start = .)
 *(SORT_BY_NAME(.mutex_array.*))
 *(.mutex_array)
 .mutex_array   0x2000121c        0x8 CMakeFiles/fw.dir/C_/RP2040/pico-sdk/src/rp2_common/pico_stdio/stdio.c.obj
                0x20001224                PROVIDE (__mutex_array_end = .)
                0x20001224                . = ALIGN (0x4)
                0x20001224                PROVIDE (__preinit_array_start = .)
 *(SORT_BY_NAME(.preinit_array.*))
 .preinit_array.00001
                0x20001224        0x4 CMakeFiles/fw.dir/C_/RP2040/pico-sdk/src/rp2_common/pico_mem_ops/mem_ops_aeabi.S.obj
 .preinit_array.00010
                0x20001228        0x4 CMakeFiles/fw.dir/C_/RP2040/pico-sdk/src/rp2_common/pico_bit_ops/bit_ops_aeabi.S.obj
 .preinit_array.00020
                0x2000122c        0x4 CMakeFiles/fw.dir/C_/RP2040/pico-sdk/src/rp2_common/pico_double/double_aeabi.S.obj
 .preinit_array.00020
                0x20001230        0x4 CMakeFiles/fw.dir/C_/RP2040/pico-sdk/src/rp2_common/pico_float/float_aeabi.S.obj
 *(.preinit_array)
                0x20001234                PROVIDE (__preinit_array_end = .)
                0x20001234                . = ALIGN (0x4)
                0x20001234                PROVIDE (__init_array_start = .)
 *(SORT_BY_NAME(.init_array.*))
 *(.init_array)
 .init_array    0x20001234        0x4 c:/gcc_arm/12dbab~1.2re/bin/../lib/gcc/arm-none-eabi/12.2.1/thumb/v6-m/nofp/crtbegin.o
 .init_array    0x20001238        0x4 CMakeFiles/fw.dir/C_/RP2040/pico-sdk/src/rp2_common/pico_unique_id/unique_id.c.obj
                0x2000123c                PROVIDE (__init_array_end = .)
                0x2000123c                . = ALIGN (0x4)
                [!provide]                PROVIDE (__fini_array_start = .)
 *(SORT_BY_NAME(.fini_array.*))
 *(.fini_array)
                [!provide]                PROVIDE (__fini_array_end = .)
 *(.jcr)
                0x2000123c                . = ALIGN (0x4)
                0x2000123c                __data_end__ = .

.tm_clone_table
                0x2000123c        0x0 load address 0x10005fe4
 .tm_clone_table
                0x2000123c        0x0 c:/gcc_arm/12dbab~1.2re/bin/../lib/gcc/arm-none-eabi/12.2.1/thumb/v6-m/nofp/crtbegin.o
 .tm_clone_table
                0x2000123c        0x0 c:/gcc_arm/12dbab~1.2re/bin/../lib/gcc/arm-none-eabi/12.2.1/thumb/v6-m/nofp/crtend.o

.igot.plt       0x2000123c        0x0 load address 0x10005fe4
 .igot.plt      0x2000123c        0x0 c:/gcc_arm/12dbab~1.2re/bin/../lib/gcc/arm-none-eabi/12.2.1/thumb/v6-m/nofp/crtbegin.o

.uninitialized_data
                0x2000123c        0x0 load address 0x10005fe4
                0x2000123c                . = ALIGN (0x4)
 *(.uninitialized_data*)

.scratch_x      0x20040000        0x0 load address 0x10005fe4
                0x20040000                __scratch_x_start__ = .
 *(.scratch_x.*)
                0x20040000                . = ALIGN (0x4)
                0x20040000                __scratch_x_end__ = .
                0x10005fe4                __scratch_x_source__ = LOADADDR (.scratch_x)

.scratch_y      0x20041000        0x0 load address 0x10005fe4
                0x20041000                __scratch_y_start__ = .
 *(.scratch_y.*)
                0x20041000                . = ALIGN (0x4)
                0x20041000                __scratch_y_end__ = .
                0x10005fe4                __scratch_y_source__ = LOADADDR (.scratch_y)

.bss            0x20001240      0x4d4
                0x20001240                . = ALIGN (0x4)
                0x20001240                __bss_start__ = .
 *(SORT_BY_ALIGNMENT(SORT_BY_NAME(.bss*)))
 .bss.default_alarm_pool_entries
                0x20001240      0x100 CMakeFiles/fw.dir/C_/RP2040/pico-sdk/src/common/pico_time/time.c.obj
 .bss.alarm_callbacks
                0x20001340       0x10 CMakeFiles/fw.dir/C_/RP2040/pico-sdk/src/rp2_common/hardware_timer/timer.c.obj
 .bss.boot2_copyout
                0x20001350      0x100 CMakeFiles/fw.dir/C_/RP2040/pico-sdk/src/rp2_common/hardware_flash/flash.c.obj
 .bss.configured_freq
                0x20001450       0x28 CMakeFiles/fw.dir/C_/RP2040/pico-sdk/src/rp2_common/hardware_clocks/clocks.c.obj
 .bss.default_alarm_pool_entry_ids_high
                0x20001478       0x10 CMakeFiles/fw.dir/C_/RP2040/pico-sdk/src/common/pico_time/time.c.obj
 .bss.default_alarm_pool_heap_nodes
                0x20001488       0x30 CMakeFiles/fw.dir/C_/RP2040/pico-sdk/src/common/pico_time/time.c.obj
 .bss.drivers   0x200014b8        0x4 CMakeFiles/fw.dir/C_/RP2040/pico-sdk/src/rp2_common/pico_stdio/stdio.c.obj
 .bss.filter    0x200014bc        0x4 CMakeFiles/fw.dir/C_/RP2040/pico-sdk/src/rp2_common/pico_stdio/stdio.c.obj
 .bss.object.0  0x200014c0       0x18 c:/gcc_arm/12dbab~1.2re/bin/../lib/gcc/arm-none-eabi/12.2.1/thumb/v6-m/nofp/crtbegin.o
 .bss.pools     0x200014d8       0x10 CMakeFiles/fw.dir/C_/RP2040/pico-sdk/src/common/pico_time/time.c.obj
 .bss.retrieved_id
                0x200014e8        0x8 CMakeFiles/fw.dir/C_/RP2040/pico-sdk/src/rp2_common/pico_unique_id/unique_id.c.obj
 .bss.sd_table  0x200014f0      0x100 CMakeFiles/fw.dir/C_/RP2040/pico-sdk/src/rp2_common/pico_double/double_init_rom.c.obj
                0x200014f0                sd_table
 .bss.sf_clz_func
                0x200015f0        0x4 CMakeFiles/fw.dir/C_/RP2040/pico-sdk/src/rp2_common/pico_double/double_init_rom.c.obj
                0x200015f0                sf_clz_func
 .bss.sf_table  0x200015f4      0x100 CMakeFiles/fw.dir/C_/RP2040/pico-sdk/src/rp2_common/pico_float/float_init_rom.c.obj
                0x200015f4                sf_table
 .bss.sleep_notifier
                0x200016f4        0x4 CMakeFiles/fw.dir/C_/RP2040/pico-sdk/src/common/pico_time/time.c.obj
 .bss.target_hi
                0x200016f8       0x10 CMakeFiles/fw.dir/C_/RP2040/pico-sdk/src/rp2_common/hardware_timer/timer.c.obj
 .bss.uart_char_to_line_feed
                0x20001708        0x4 CMakeFiles/fw.dir/C_/RP2040/pico-sdk/src/rp2_common/hardware_uart/uart.c.obj
                0x20001708                uart_char_to_line_feed
 .bss.uart_instance
                0x2000170c        0x4 CMakeFiles/fw.dir/C_/RP2040/pico-sdk/src/rp2_common/pico_stdio_uart/stdio_uart.c.obj
 .bss.boot2_copyout_valid
                0x20001710        0x1 CMakeFiles/fw.dir/C_/RP2040/pico-sdk/src/rp2_common/hardware_flash/flash.c.obj
 .bss.claimed   0x20001711        0x1 CMakeFiles/fw.dir/C_/RP2040/pico-sdk/src/rp2_common/hardware_timer/timer.c.obj
 .bss.irq_hander_chain_free_slot_head
                0x20001712        0x1 CMakeFiles/fw.dir/C_/RP2040/pico-sdk/src/rp2_common/hardware_irq/irq.c.obj
 .bss.timer_callbacks_pending
                0x20001713        0x1 CMakeFiles/fw.dir/C_/RP2040/pico-sdk/src/rp2_common/hardware_timer/timer.c.obj
 *(COMMON)
                0x20001714                . = ALIGN (0x4)
                0x20001714                __bss_end__ = .

.heap           0x20001714      0x800
                0x20001714                __end__ = .
                0x20001714                end = __end__
 *(.heap*)
 .heap          0x20001714      0x800 CMakeFiles/fw.dir/C_/RP2040/pico-sdk/src/rp2_common/pico_standard_link/crt0.S.obj
                0x20001f14                __HeapLimit = .

.stack1_dummy
 *(.stack1*)

.stack_dummy    0x20041000      0x800
 *(.stack*)
 .stack         0x20041000      0x800 CMakeFiles/fw.dir/C_/RP2040/pico-sdk/src/rp2_common/pico_standard_link/crt0.S.obj

.flash_end      0x10005fe4        0x0
                0x10005fe4                __flash_binary_end = .
                0x20040000                __StackLimit = (ORIGIN (RAM) + LENGTH (RAM))
                0x20041000                __StackOneTop = (ORIGIN (SCRATCH_X) + LENGTH (SCRATCH_X))
                0x20042000                __StackTop = (ORIGIN (SCRATCH_Y) + LENGTH (SCRATCH_Y))
                0x20041000                __StackOneBottom = (__StackOneTop - SIZEOF (.stack1_dummy))
                0x20041800                __StackBottom = (__StackTop - SIZEOF (.stack_dummy))
                0x20042000                PROVIDE (__stack = __StackTop)
                0x00000001                ASSERT ((__StackLimit >= __HeapLimit), region RAM overflowed)
                0x00000001                ASSERT (((__binary_info_header_end - __logical_binary_start) <= 0x100), Binary info must be in first 256 bytes of the binary)
LOAD CMakeFiles/fw.dir/fw.cpp.obj
LOAD CMakeFiles/fw.dir/C_/RP2040/pico-sdk/src/rp2_common/pico_stdlib/stdlib.c.obj
LOAD CMakeFiles/fw.dir/C_/RP2040/pico-sdk/src/rp2_common/hardware_gpio/gpio.c.obj
LOAD CMakeFiles/fw.dir/C_/RP2040/pico-sdk/src/rp2_common/hardware_claim/claim.c.obj
LOAD CMakeFiles/fw.dir/C_/RP2040/pico-sdk/src/rp2_common/pico_platform/platform.c.obj
LOAD CMakeFiles/fw.dir/C_/RP2040/pico-sdk/src/rp2_common/hardware_sync/sync.c.obj
LOAD CMakeFiles/fw.dir/C_/RP2040/pico-sdk/src/rp2_common/hardware_irq/irq.c.obj
LOAD CMakeFiles/fw.dir/C_/RP2040/pico-sdk/src/rp2_common/hardware_irq/irq_handler_chain.S.obj
LOAD CMakeFiles/fw.dir/C_/RP2040/pico-sdk/src/common/pico_sync/sem.c.obj
LOAD CMakeFiles/fw.dir/C_/RP2040/pico-sdk/src/common/pico_sync/lock_core.c.obj
LOAD CMakeFiles/fw.dir/C_/RP2040/pico-sdk/src/common/pico_time/time.c.obj
LOAD CMakeFiles/fw.dir/C_/RP2040/pico-sdk/src/common/pico_time/timeout_helper.c.obj
LOAD CMakeFiles/fw.dir/C_/RP2040/pico-sdk/src/rp2_common/hardware_timer/timer.c.obj
LOAD CMakeFiles/fw.dir/C_/RP2040/pico-sdk/src/common/pico_util/datetime.c.obj
LOAD CMakeFiles/fw.dir/C_/RP2040/pico-sdk/src/common/pico_util/pheap.c.obj
LOAD CMakeFiles/fw.dir/C_/RP2040/pico-sdk/src/common/pico_util/queue.c.obj
LOAD CMakeFiles/fw.dir/C_/RP2040/pico-sdk/src/common/pico_sync/mutex.c.obj
LOAD CMakeFiles/fw.dir/C_/RP2040/pico-sdk/src/common/pico_sync/critical_section.c.obj
LOAD CMakeFiles/fw.dir/C_/RP2040/pico-sdk/src/rp2_common/hardware_uart/uart.c.obj
LOAD CMakeFiles/fw.dir/C_/RP2040/pico-sdk/src/rp2_common/hardware_divider/divider.S.obj
LOAD CMakeFiles/fw.dir/C_/RP2040/pico-sdk/src/rp2_common/pico_runtime/runtime.c.obj
LOAD CMakeFiles/fw.dir/C_/RP2040/pico-sdk/src/rp2_common/hardware_clocks/clocks.c.obj
LOAD CMakeFiles/fw.dir/C_/RP2040/pico-sdk/src/rp2_common/hardware_pll/pll.c.obj
LOAD CMakeFiles/fw.dir/C_/RP2040/pico-sdk/src/rp2_common/hardware_vreg/vreg.c.obj
LOAD CMakeFiles/fw.dir/C_/RP2040/pico-sdk/src/rp2_common/hardware_watchdog/watchdog.c.obj
LOAD CMakeFiles/fw.dir/C_/RP2040/pico-sdk/src/rp2_common/hardware_xosc/xosc.c.obj
LOAD CMakeFiles/fw.dir/C_/RP2040/pico-sdk/src/rp2_common/pico_printf/printf.c.obj
LOAD CMakeFiles/fw.dir/C_/RP2040/pico-sdk/src/rp2_common/pico_bit_ops/bit_ops_aeabi.S.obj
LOAD CMakeFiles/fw.dir/C_/RP2040/pico-sdk/src/rp2_common/pico_bootrom/bootrom.c.obj
LOAD CMakeFiles/fw.dir/C_/RP2040/pico-sdk/src/rp2_common/pico_divider/divider.S.obj
LOAD CMakeFiles/fw.dir/C_/RP2040/pico-sdk/src/rp2_common/pico_double/double_aeabi.S.obj
LOAD CMakeFiles/fw.dir/C_/RP2040/pico-sdk/src/rp2_common/pico_double/double_init_rom.c.obj
LOAD CMakeFiles/fw.dir/C_/RP2040/pico-sdk/src/rp2_common/pico_double/double_math.c.obj
LOAD CMakeFiles/fw.dir/C_/RP2040/pico-sdk/src/rp2_common/pico_double/double_v1_rom_shim.S.obj
LOAD CMakeFiles/fw.dir/C_/RP2040/pico-sdk/src/rp2_common/pico_int64_ops/pico_int64_ops_aeabi.S.obj
LOAD CMakeFiles/fw.dir/C_/RP2040/pico-sdk/src/rp2_common/pico_float/float_aeabi.S.obj
LOAD CMakeFiles/fw.dir/C_/RP2040/pico-sdk/src/rp2_common/pico_float/float_init_rom.c.obj
LOAD CMakeFiles/fw.dir/C_/RP2040/pico-sdk/src/rp2_common/pico_float/float_math.c.obj
LOAD CMakeFiles/fw.dir/C_/RP2040/pico-sdk/src/rp2_common/pico_float/float_v1_rom_shim.S.obj
LOAD CMakeFiles/fw.dir/C_/RP2040/pico-sdk/src/rp2_common/pico_malloc/pico_malloc.c.obj
LOAD CMakeFiles/fw.dir/C_/RP2040/pico-sdk/src/rp2_common/pico_mem_ops/mem_ops_aeabi.S.obj
LOAD CMakeFiles/fw.dir/C_/RP2040/pico-sdk/src/rp2_common/pico_standard_link/crt0.S.obj
LOAD CMakeFiles/fw.dir/C_/RP2040/pico-sdk/src/rp2_common/pico_standard_link/new_delete.cpp.obj
LOAD CMakeFiles/fw.dir/C_/RP2040/pico-sdk/src/rp2_common/pico_standard_link/binary_info.c.obj
LOAD CMakeFiles/fw.dir/C_/RP2040/pico-sdk/src/rp2_common/pico_stdio/stdio.c.obj
LOAD CMakeFiles/fw.dir/C_/RP2040/pico-sdk/src/rp2_common/pico_stdio_uart/stdio_uart.c.obj
LOAD CMakeFiles/fw.dir/C_/RP2040/pico-sdk/src/rp2_common/hardware_spi/spi.c.obj
LOAD CMakeFiles/fw.dir/C_/RP2040/pico-sdk/src/rp2_common/hardware_i2c/i2c.c.obj
LOAD CMakeFiles/fw.dir/C_/RP2040/pico-sdk/src/rp2_common/hardware_dma/dma.c.obj
LOAD CMakeFiles/fw.dir/C_/RP2040/pico-sdk/src/rp2_common/hardware_pio/pio.c.obj
LOAD CMakeFiles/fw.dir/C_/RP2040/pico-sdk/src/rp2_common/hardware_interp/interp.c.obj
LOAD CMakeFiles/fw.dir/C_/RP2040/pico-sdk/src/rp2_common/pico_cyw43_arch/cyw43_arch.c.obj
LOAD CMakeFiles/fw.dir/C_/RP2040/pico-sdk/src/rp2_common/pico_cyw43_arch/cyw43_arch_poll.c.obj
LOAD CMakeFiles/fw.dir/C_/RP2040/pico-sdk/src/rp2_common/pico_cyw43_arch/cyw43_arch_threadsafe_background.c.obj
LOAD CMakeFiles/fw.dir/C_/RP2040/pico-sdk/src/rp2_common/pico_cyw43_arch/cyw43_arch_freertos.c.obj
LOAD CMakeFiles/fw.dir/C_/RP2040/pico-sdk/src/rp2_common/pico_unique_id/unique_id.c.obj
LOAD CMakeFiles/fw.dir/C_/RP2040/pico-sdk/src/rp2_common/hardware_flash/flash.c.obj
LOAD CMakeFiles/fw.dir/C_/RP2040/pico-sdk/src/rp2_common/cyw43_driver/cyw43_bus_pio_spi.c.obj
LOAD CMakeFiles/fw.dir/C_/RP2040/pico-sdk/lib/cyw43-driver/src/cyw43_ll.c.obj
LOAD CMakeFiles/fw.dir/C_/RP2040/pico-sdk/lib/cyw43-driver/src/cyw43_stats.c.obj
LOAD CMakeFiles/fw.dir/C_/RP2040/pico-sdk/lib/cyw43-driver/src/cyw43_lwip.c.obj
LOAD CMakeFiles/fw.dir/C_/RP2040/pico-sdk/lib/cyw43-driver/src/cyw43_ctrl.c.obj
LOAD CMakeFiles/fw.dir/C_/RP2040/pico-sdk/src/rp2_common/hardware_exception/exception.c.obj
LOAD CMakeFiles/fw.dir/C_/RP2040/pico-sdk/lib/lwip/src/core/init.c.obj
LOAD CMakeFiles/fw.dir/C_/RP2040/pico-sdk/lib/lwip/src/core/def.c.obj
LOAD CMakeFiles/fw.dir/C_/RP2040/pico-sdk/lib/lwip/src/core/dns.c.obj
LOAD CMakeFiles/fw.dir/C_/RP2040/pico-sdk/lib/lwip/src/core/inet_chksum.c.obj
LOAD CMakeFiles/fw.dir/C_/RP2040/pico-sdk/lib/lwip/src/core/ip.c.obj
LOAD CMakeFiles/fw.dir/C_/RP2040/pico-sdk/lib/lwip/src/core/mem.c.obj
LOAD CMakeFiles/fw.dir/C_/RP2040/pico-sdk/lib/lwip/src/core/memp.c.obj
LOAD CMakeFiles/fw.dir/C_/RP2040/pico-sdk/lib/lwip/src/core/netif.c.obj
LOAD CMakeFiles/fw.dir/C_/RP2040/pico-sdk/lib/lwip/src/core/pbuf.c.obj
LOAD CMakeFiles/fw.dir/C_/RP2040/pico-sdk/lib/lwip/src/core/raw.c.obj
LOAD CMakeFiles/fw.dir/C_/RP2040/pico-sdk/lib/lwip/src/core/stats.c.obj
LOAD CMakeFiles/fw.dir/C_/RP2040/pico-sdk/lib/lwip/src/core/sys.c.obj
LOAD CMakeFiles/fw.dir/C_/RP2040/pico-sdk/lib/lwip/src/core/altcp.c.obj
LOAD CMakeFiles/fw.dir/C_/RP2040/pico-sdk/lib/lwip/src/core/altcp_alloc.c.obj
LOAD CMakeFiles/fw.dir/C_/RP2040/pico-sdk/lib/lwip/src/core/altcp_tcp.c.obj
LOAD CMakeFiles/fw.dir/C_/RP2040/pico-sdk/lib/lwip/src/core/tcp.c.obj
LOAD CMakeFiles/fw.dir/C_/RP2040/pico-sdk/lib/lwip/src/core/tcp_in.c.obj
LOAD CMakeFiles/fw.dir/C_/RP2040/pico-sdk/lib/lwip/src/core/tcp_out.c.obj
LOAD CMakeFiles/fw.dir/C_/RP2040/pico-sdk/lib/lwip/src/core/timeouts.c.obj
LOAD CMakeFiles/fw.dir/C_/RP2040/pico-sdk/lib/lwip/src/core/udp.c.obj
LOAD CMakeFiles/fw.dir/C_/RP2040/pico-sdk/src/rp2_common/pico_lwip/random.c.obj
LOAD CMakeFiles/fw.dir/C_/RP2040/pico-sdk/lib/lwip/src/core/ipv4/acd.c.obj
LOAD CMakeFiles/fw.dir/C_/RP2040/pico-sdk/lib/lwip/src/core/ipv4/autoip.c.obj
LOAD CMakeFiles/fw.dir/C_/RP2040/pico-sdk/lib/lwip/src/core/ipv4/dhcp.c.obj
LOAD CMakeFiles/fw.dir/C_/RP2040/pico-sdk/lib/lwip/src/core/ipv4/etharp.c.obj
LOAD CMakeFiles/fw.dir/C_/RP2040/pico-sdk/lib/lwip/src/core/ipv4/icmp.c.obj
LOAD CMakeFiles/fw.dir/C_/RP2040/pico-sdk/lib/lwip/src/core/ipv4/igmp.c.obj
LOAD CMakeFiles/fw.dir/C_/RP2040/pico-sdk/lib/lwip/src/core/ipv4/ip4_frag.c.obj
LOAD CMakeFiles/fw.dir/C_/RP2040/pico-sdk/lib/lwip/src/core/ipv4/ip4.c.obj
LOAD CMakeFiles/fw.dir/C_/RP2040/pico-sdk/lib/lwip/src/core/ipv4/ip4_addr.c.obj
LOAD CMakeFiles/fw.dir/C_/RP2040/pico-sdk/lib/lwip/src/core/ipv6/dhcp6.c.obj
LOAD CMakeFiles/fw.dir/C_/RP2040/pico-sdk/lib/lwip/src/core/ipv6/ethip6.c.obj
LOAD CMakeFiles/fw.dir/C_/RP2040/pico-sdk/lib/lwip/src/core/ipv6/icmp6.c.obj
LOAD CMakeFiles/fw.dir/C_/RP2040/pico-sdk/lib/lwip/src/core/ipv6/inet6.c.obj
LOAD CMakeFiles/fw.dir/C_/RP2040/pico-sdk/lib/lwip/src/core/ipv6/ip6.c.obj
LOAD CMakeFiles/fw.dir/C_/RP2040/pico-sdk/lib/lwip/src/core/ipv6/ip6_addr.c.obj
LOAD CMakeFiles/fw.dir/C_/RP2040/pico-sdk/lib/lwip/src/core/ipv6/ip6_frag.c.obj
LOAD CMakeFiles/fw.dir/C_/RP2040/pico-sdk/lib/lwip/src/core/ipv6/mld6.c.obj
LOAD CMakeFiles/fw.dir/C_/RP2040/pico-sdk/lib/lwip/src/core/ipv6/nd6.c.obj
LOAD CMakeFiles/fw.dir/C_/RP2040/pico-sdk/lib/lwip/src/api/api_lib.c.obj
LOAD CMakeFiles/fw.dir/C_/RP2040/pico-sdk/lib/lwip/src/api/api_msg.c.obj
LOAD CMakeFiles/fw.dir/C_/RP2040/pico-sdk/lib/lwip/src/api/err.c.obj
LOAD CMakeFiles/fw.dir/C_/RP2040/pico-sdk/lib/lwip/src/api/if_api.c.obj
LOAD CMakeFiles/fw.dir/C_/RP2040/pico-sdk/lib/lwip/src/api/netbuf.c.obj
LOAD CMakeFiles/fw.dir/C_/RP2040/pico-sdk/lib/lwip/src/api/netdb.c.obj
LOAD CMakeFiles/fw.dir/C_/RP2040/pico-sdk/lib/lwip/src/api/netifapi.c.obj
LOAD CMakeFiles/fw.dir/C_/RP2040/pico-sdk/lib/lwip/src/api/sockets.c.obj
LOAD CMakeFiles/fw.dir/C_/RP2040/pico-sdk/lib/lwip/src/api/tcpip.c.obj
LOAD CMakeFiles/fw.dir/C_/RP2040/pico-sdk/lib/lwip/src/netif/ethernet.c.obj
LOAD CMakeFiles/fw.dir/C_/RP2040/pico-sdk/lib/lwip/src/netif/bridgeif.c.obj
LOAD CMakeFiles/fw.dir/C_/RP2040/pico-sdk/lib/lwip/src/netif/bridgeif_fdb.c.obj
LOAD CMakeFiles/fw.dir/C_/RP2040/pico-sdk/lib/lwip/src/netif/slipif.c.obj
LOAD CMakeFiles/fw.dir/C_/RP2040/pico-sdk/lib/lwip/src/netif/lowpan6_common.c.obj
LOAD CMakeFiles/fw.dir/C_/RP2040/pico-sdk/lib/lwip/src/netif/lowpan6.c.obj
LOAD CMakeFiles/fw.dir/C_/RP2040/pico-sdk/lib/lwip/src/netif/lowpan6_ble.c.obj
LOAD CMakeFiles/fw.dir/C_/RP2040/pico-sdk/lib/lwip/src/netif/zepif.c.obj
LOAD CMakeFiles/fw.dir/C_/RP2040/pico-sdk/lib/lwip/src/netif/ppp/auth.c.obj
LOAD CMakeFiles/fw.dir/C_/RP2040/pico-sdk/lib/lwip/src/netif/ppp/ccp.c.obj
LOAD CMakeFiles/fw.dir/C_/RP2040/pico-sdk/lib/lwip/src/netif/ppp/chap-md5.c.obj
LOAD CMakeFiles/fw.dir/C_/RP2040/pico-sdk/lib/lwip/src/netif/ppp/chap_ms.c.obj
LOAD CMakeFiles/fw.dir/C_/RP2040/pico-sdk/lib/lwip/src/netif/ppp/chap-new.c.obj
LOAD CMakeFiles/fw.dir/C_/RP2040/pico-sdk/lib/lwip/src/netif/ppp/demand.c.obj
LOAD CMakeFiles/fw.dir/C_/RP2040/pico-sdk/lib/lwip/src/netif/ppp/eap.c.obj
LOAD CMakeFiles/fw.dir/C_/RP2040/pico-sdk/lib/lwip/src/netif/ppp/ecp.c.obj
LOAD CMakeFiles/fw.dir/C_/RP2040/pico-sdk/lib/lwip/src/netif/ppp/eui64.c.obj
LOAD CMakeFiles/fw.dir/C_/RP2040/pico-sdk/lib/lwip/src/netif/ppp/fsm.c.obj
LOAD CMakeFiles/fw.dir/C_/RP2040/pico-sdk/lib/lwip/src/netif/ppp/ipcp.c.obj
LOAD CMakeFiles/fw.dir/C_/RP2040/pico-sdk/lib/lwip/src/netif/ppp/ipv6cp.c.obj
LOAD CMakeFiles/fw.dir/C_/RP2040/pico-sdk/lib/lwip/src/netif/ppp/lcp.c.obj
LOAD CMakeFiles/fw.dir/C_/RP2040/pico-sdk/lib/lwip/src/netif/ppp/magic.c.obj
LOAD CMakeFiles/fw.dir/C_/RP2040/pico-sdk/lib/lwip/src/netif/ppp/mppe.c.obj
LOAD CMakeFiles/fw.dir/C_/RP2040/pico-sdk/lib/lwip/src/netif/ppp/multilink.c.obj
LOAD CMakeFiles/fw.dir/C_/RP2040/pico-sdk/lib/lwip/src/netif/ppp/ppp.c.obj
LOAD CMakeFiles/fw.dir/C_/RP2040/pico-sdk/lib/lwip/src/netif/ppp/pppapi.c.obj
LOAD CMakeFiles/fw.dir/C_/RP2040/pico-sdk/lib/lwip/src/netif/ppp/pppcrypt.c.obj
LOAD CMakeFiles/fw.dir/C_/RP2040/pico-sdk/lib/lwip/src/netif/ppp/pppoe.c.obj
LOAD CMakeFiles/fw.dir/C_/RP2040/pico-sdk/lib/lwip/src/netif/ppp/pppol2tp.c.obj
LOAD CMakeFiles/fw.dir/C_/RP2040/pico-sdk/lib/lwip/src/netif/ppp/pppos.c.obj
LOAD CMakeFiles/fw.dir/C_/RP2040/pico-sdk/lib/lwip/src/netif/ppp/upap.c.obj
LOAD CMakeFiles/fw.dir/C_/RP2040/pico-sdk/lib/lwip/src/netif/ppp/utils.c.obj
LOAD CMakeFiles/fw.dir/C_/RP2040/pico-sdk/lib/lwip/src/netif/ppp/vj.c.obj
LOAD CMakeFiles/fw.dir/C_/RP2040/pico-sdk/lib/lwip/src/netif/ppp/polarssl/arc4.c.obj
LOAD CMakeFiles/fw.dir/C_/RP2040/pico-sdk/lib/lwip/src/netif/ppp/polarssl/des.c.obj
LOAD CMakeFiles/fw.dir/C_/RP2040/pico-sdk/lib/lwip/src/netif/ppp/polarssl/md4.c.obj
LOAD CMakeFiles/fw.dir/C_/RP2040/pico-sdk/lib/lwip/src/netif/ppp/polarssl/md5.c.obj
LOAD CMakeFiles/fw.dir/C_/RP2040/pico-sdk/lib/lwip/src/netif/ppp/polarssl/sha1.c.obj
LOAD CMakeFiles/fw.dir/C_/RP2040/pico-sdk/src/rp2_common/pico_lwip/nosys.c.obj
LOAD pico-sdk\src\rp2_common\cyw43_driver\cyw43_resource.o
LOAD C:\Users\franc\AppData\Local\Temp\cccHJAKL.o
LOAD c:/gcc_arm/12dbab~1.2re/bin/../lib/gcc/arm-none-eabi/12.2.1/thumb/v6-m/nofp\libstdc++.a
LOAD c:/gcc_arm/12dbab~1.2re/bin/../lib/gcc/arm-none-eabi/12.2.1/thumb/v6-m/nofp\libm.a
START GROUP
LOAD c:/gcc_arm/12dbab~1.2re/bin/../lib/gcc/arm-none-eabi/12.2.1/thumb/v6-m/nofp\libgcc.a
LOAD c:/gcc_arm/12dbab~1.2re/bin/../lib/gcc/arm-none-eabi/12.2.1/thumb/v6-m/nofp\libg.a
LOAD c:/gcc_arm/12dbab~1.2re/bin/../lib/gcc/arm-none-eabi/12.2.1/thumb/v6-m/nofp\libc.a
END GROUP
START GROUP
LOAD c:/gcc_arm/12dbab~1.2re/bin/../lib/gcc/arm-none-eabi/12.2.1/thumb/v6-m/nofp\libgcc.a
LOAD c:/gcc_arm/12dbab~1.2re/bin/../lib/gcc/arm-none-eabi/12.2.1/thumb/v6-m/nofp\libc.a
LOAD c:/gcc_arm/12dbab~1.2re/bin/../lib/gcc/arm-none-eabi/12.2.1/thumb/v6-m/nofp\libnosys.a
END GROUP
LOAD c:/gcc_arm/12dbab~1.2re/bin/../lib/gcc/arm-none-eabi/12.2.1/thumb/v6-m/nofp/crtend.o
LOAD c:/gcc_arm/12dbab~1.2re/bin/../lib/gcc/arm-none-eabi/12.2.1/thumb/v6-m/nofp/crtn.o
OUTPUT(fw.elf elf32-littlearm)
LOAD linker stubs

.ARM.attributes
                0x00000000       0x28
 .ARM.attributes
                0x00000000       0x1e c:/gcc_arm/12dbab~1.2re/bin/../lib/gcc/arm-none-eabi/12.2.1/thumb/v6-m/nofp/crti.o
 .ARM.attributes
                0x0000001e       0x2c c:/gcc_arm/12dbab~1.2re/bin/../lib/gcc/arm-none-eabi/12.2.1/thumb/v6-m/nofp/crtbegin.o
 .ARM.attributes
                0x0000004a       0x2c CMakeFiles/fw.dir/fw.cpp.obj
 .ARM.attributes
                0x00000076       0x2c CMakeFiles/fw.dir/C_/RP2040/pico-sdk/src/rp2_common/hardware_gpio/gpio.c.obj
 .ARM.attributes
                0x000000a2       0x2c CMakeFiles/fw.dir/C_/RP2040/pico-sdk/src/rp2_common/hardware_claim/claim.c.obj
 .ARM.attributes
                0x000000ce       0x2c CMakeFiles/fw.dir/C_/RP2040/pico-sdk/src/rp2_common/pico_platform/platform.c.obj
 .ARM.attributes
                0x000000fa       0x2c CMakeFiles/fw.dir/C_/RP2040/pico-sdk/src/rp2_common/hardware_sync/sync.c.obj
 .ARM.attributes
                0x00000126       0x2c CMakeFiles/fw.dir/C_/RP2040/pico-sdk/src/rp2_common/hardware_irq/irq.c.obj
 .ARM.attributes
                0x00000152       0x22 CMakeFiles/fw.dir/C_/RP2040/pico-sdk/src/rp2_common/hardware_irq/irq_handler_chain.S.obj
 .ARM.attributes
                0x00000174       0x2c CMakeFiles/fw.dir/C_/RP2040/pico-sdk/src/common/pico_sync/lock_core.c.obj
 .ARM.attributes
                0x000001a0       0x2c CMakeFiles/fw.dir/C_/RP2040/pico-sdk/src/common/pico_time/time.c.obj
 .ARM.attributes
                0x000001cc       0x2c CMakeFiles/fw.dir/C_/RP2040/pico-sdk/src/rp2_common/hardware_timer/timer.c.obj
 .ARM.attributes
                0x000001f8       0x2c CMakeFiles/fw.dir/C_/RP2040/pico-sdk/src/common/pico_util/pheap.c.obj
 .ARM.attributes
                0x00000224       0x2c CMakeFiles/fw.dir/C_/RP2040/pico-sdk/src/common/pico_sync/mutex.c.obj
 .ARM.attributes
                0x00000250       0x2c CMakeFiles/fw.dir/C_/RP2040/pico-sdk/src/rp2_common/hardware_uart/uart.c.obj
 .ARM.attributes
                0x0000027c       0x2c CMakeFiles/fw.dir/C_/RP2040/pico-sdk/src/rp2_common/pico_runtime/runtime.c.obj
 .ARM.attributes
                0x000002a8       0x2c CMakeFiles/fw.dir/C_/RP2040/pico-sdk/src/rp2_common/hardware_clocks/clocks.c.obj
 .ARM.attributes
                0x000002d4       0x2c CMakeFiles/fw.dir/C_/RP2040/pico-sdk/src/rp2_common/hardware_pll/pll.c.obj
 .ARM.attributes
                0x00000300       0x2c CMakeFiles/fw.dir/C_/RP2040/pico-sdk/src/rp2_common/hardware_watchdog/watchdog.c.obj
 .ARM.attributes
                0x0000032c       0x2c CMakeFiles/fw.dir/C_/RP2040/pico-sdk/src/rp2_common/hardware_xosc/xosc.c.obj
 .ARM.attributes
                0x00000358       0x2c CMakeFiles/fw.dir/C_/RP2040/pico-sdk/src/rp2_common/pico_printf/printf.c.obj
 .ARM.attributes
                0x00000384       0x22 CMakeFiles/fw.dir/C_/RP2040/pico-sdk/src/rp2_common/pico_bit_ops/bit_ops_aeabi.S.obj
 .ARM.attributes
                0x000003a6       0x2c CMakeFiles/fw.dir/C_/RP2040/pico-sdk/src/rp2_common/pico_bootrom/bootrom.c.obj
 .ARM.attributes
                0x000003d2       0x22 CMakeFiles/fw.dir/C_/RP2040/pico-sdk/src/rp2_common/pico_divider/divider.S.obj
 .ARM.attributes
                0x000003f4       0x22 CMakeFiles/fw.dir/C_/RP2040/pico-sdk/src/rp2_common/pico_double/double_aeabi.S.obj
 .ARM.attributes
                0x00000416       0x2c CMakeFiles/fw.dir/C_/RP2040/pico-sdk/src/rp2_common/pico_double/double_init_rom.c.obj
 .ARM.attributes
                0x00000442       0x22 CMakeFiles/fw.dir/C_/RP2040/pico-sdk/src/rp2_common/pico_double/double_v1_rom_shim.S.obj
 .ARM.attributes
                0x00000464       0x22 CMakeFiles/fw.dir/C_/RP2040/pico-sdk/src/rp2_common/pico_int64_ops/pico_int64_ops_aeabi.S.obj
 .ARM.attributes
                0x00000486       0x22 CMakeFiles/fw.dir/C_/RP2040/pico-sdk/src/rp2_common/pico_float/float_aeabi.S.obj
 .ARM.attributes
                0x000004a8       0x2c CMakeFiles/fw.dir/C_/RP2040/pico-sdk/src/rp2_common/pico_float/float_init_rom.c.obj
 .ARM.attributes
                0x000004d4       0x22 CMakeFiles/fw.dir/C_/RP2040/pico-sdk/src/rp2_common/pico_mem_ops/mem_ops_aeabi.S.obj
 .ARM.attributes
                0x000004f6       0x22 CMakeFiles/fw.dir/C_/RP2040/pico-sdk/src/rp2_common/pico_standard_link/crt0.S.obj
 .ARM.attributes
                0x00000518       0x2c CMakeFiles/fw.dir/C_/RP2040/pico-sdk/src/rp2_common/pico_standard_link/binary_info.c.obj
 .ARM.attributes
                0x00000544       0x2c CMakeFiles/fw.dir/C_/RP2040/pico-sdk/src/rp2_common/pico_stdio/stdio.c.obj
 .ARM.attributes
                0x00000570       0x2c CMakeFiles/fw.dir/C_/RP2040/pico-sdk/src/rp2_common/pico_stdio_uart/stdio_uart.c.obj
 .ARM.attributes
                0x0000059c       0x2c CMakeFiles/fw.dir/C_/RP2040/pico-sdk/src/rp2_common/hardware_spi/spi.c.obj
 .ARM.attributes
                0x000005c8       0x2c CMakeFiles/fw.dir/C_/RP2040/pico-sdk/src/rp2_common/hardware_i2c/i2c.c.obj
 .ARM.attributes
                0x000005f4       0x2c CMakeFiles/fw.dir/C_/RP2040/pico-sdk/src/rp2_common/pico_unique_id/unique_id.c.obj
 .ARM.attributes
                0x00000620       0x2c CMakeFiles/fw.dir/C_/RP2040/pico-sdk/src/rp2_common/hardware_flash/flash.c.obj
 .ARM.attributes
                0x0000064c       0x22 C:\Users\franc\AppData\Local\Temp\cccHJAKL.o
 .ARM.attributes
                0x0000066e       0x1e c:/gcc_arm/12dbab~1.2re/bin/../lib/gcc/arm-none-eabi/12.2.1/thumb/v6-m/nofp\libgcc.a(_dvmd_tls.o)
 .ARM.attributes
                0x0000068c       0x2c c:/gcc_arm/12dbab~1.2re/bin/../lib/gcc/arm-none-eabi/12.2.1/thumb/v6-m/nofp\libgcc.a(unwind-arm.o)
 .ARM.attributes
                0x000006b8       0x1e c:/gcc_arm/12dbab~1.2re/bin/../lib/gcc/arm-none-eabi/12.2.1/thumb/v6-m/nofp\libgcc.a(libunwind.o)
 .ARM.attributes
                0x000006d6       0x2c c:/gcc_arm/12dbab~1.2re/bin/../lib/gcc/arm-none-eabi/12.2.1/thumb/v6-m/nofp\libgcc.a(pr-support.o)
 .ARM.attributes
                0x00000702       0x2c c:/gcc_arm/12dbab~1.2re/bin/../lib/gcc/arm-none-eabi/12.2.1/thumb/v6-m/nofp\libg.a(libc_a-strlen-stub.o)
 .ARM.attributes
                0x0000072e       0x2c c:/gcc_arm/12dbab~1.2re/bin/../lib/gcc/arm-none-eabi/12.2.1/thumb/v6-m/nofp/crtend.o

.comment        0x00000000       0x45
 .comment       0x00000000       0x45 CMakeFiles/fw.dir/fw.cpp.obj
                                 0x46 (size before relaxing)
 .comment       0x00000045       0x46 CMakeFiles/fw.dir/C_/RP2040/pico-sdk/src/rp2_common/hardware_gpio/gpio.c.obj
 .comment       0x00000045       0x46 CMakeFiles/fw.dir/C_/RP2040/pico-sdk/src/rp2_common/hardware_claim/claim.c.obj
 .comment       0x00000045       0x46 CMakeFiles/fw.dir/C_/RP2040/pico-sdk/src/rp2_common/pico_platform/platform.c.obj
 .comment       0x00000045       0x46 CMakeFiles/fw.dir/C_/RP2040/pico-sdk/src/rp2_common/hardware_sync/sync.c.obj
 .comment       0x00000045       0x46 CMakeFiles/fw.dir/C_/RP2040/pico-sdk/src/rp2_common/hardware_irq/irq.c.obj
 .comment       0x00000045       0x46 CMakeFiles/fw.dir/C_/RP2040/pico-sdk/src/common/pico_sync/lock_core.c.obj
 .comment       0x00000045       0x46 CMakeFiles/fw.dir/C_/RP2040/pico-sdk/src/common/pico_time/time.c.obj
 .comment       0x00000045       0x46 CMakeFiles/fw.dir/C_/RP2040/pico-sdk/src/rp2_common/hardware_timer/timer.c.obj
 .comment       0x00000045       0x46 CMakeFiles/fw.dir/C_/RP2040/pico-sdk/src/common/pico_util/pheap.c.obj
 .comment       0x00000045       0x46 CMakeFiles/fw.dir/C_/RP2040/pico-sdk/src/common/pico_sync/mutex.c.obj
 .comment       0x00000045       0x46 CMakeFiles/fw.dir/C_/RP2040/pico-sdk/src/rp2_common/hardware_uart/uart.c.obj
 .comment       0x00000045       0x46 CMakeFiles/fw.dir/C_/RP2040/pico-sdk/src/rp2_common/pico_runtime/runtime.c.obj